Vivado Simulator v2022.2
Copyright 1986-1999, 2001-2022 Xilinx, Inc. All Rights Reserved.
Running: E:/Xilinx/Vivado/2022.2/bin/unwrapped/win64.o/xelab.exe --incr --debug typical --relax --mt 2 -L xil_defaultlib -L unisims_ver -L unimacro_ver -L secureip --snapshot tb_accelerator_file_behav xil_defaultlib.tb_accelerator_file xil_defaultlib.glbl -log elaborate.log 
Using 2 slave threads.
Starting static elaboration
Pass Through NonSizing Optimizer
WARNING: [VRFC 10-3091] actual bit length 1 differs from formal bit length 4 for port 'top_stage' [E:/A_Verilog_DA/Dep_pointwise/Dep_pointwise.srcs/sim_1/new/tb_controller.v:179]
Completed static elaboration
Starting simulation data flow analysis
Completed simulation data flow analysis
Time Resolution for simulation is 1ps
Compiling module xil_defaultlib.receptor
Compiling module xil_defaultlib.simple_dual_two_clocks(DEPTH=203...
Compiling module xil_defaultlib.depth_mem_control
Compiling module xil_defaultlib.simple_dual_two_clocks(DEPTH=269...
Compiling module xil_defaultlib.simple_dual_two_clocks(DEPTH=245...
Compiling module xil_defaultlib.data_controller_default
Compiling module xil_defaultlib.accelerator
Compiling module xil_defaultlib.tb_accelerator_file
Compiling module xil_defaultlib.glbl
Built simulation snapshot tb_accelerator_file_behav
