Copyright 1986-2022 Xilinx, Inc. All Rights Reserved.
-------------------------------------------------------------------------------------------------------------------------------
| Tool Version     : Vivado v.2022.2 (win64) Build 3671981 Fri Oct 14 05:00:03 MDT 2022
| Date             : Tue Apr 14 03:52:39 2026
| Host             : LAPTOP-92N761HV running 64-bit major release  (build 9200)
| Command          : report_power -file top_power_routed.rpt -pb top_power_summary_routed.pb -rpx top_power_routed.rpx
| Design           : top
| Device           : xck26-sfvc784-2LV-c
| Design State     : routed
| Grade            : commercial
| Process          : typical
| Characterization : Production
-------------------------------------------------------------------------------------------------------------------------------

Power Report

Table of Contents
-----------------
1. Summary
1.1 On-Chip Components
1.2 Power Supply Summary
1.3 Confidence Level
2. Settings
2.1 Environment
2.2 Clock Constraints
3. Detailed Reports
3.1 By Hierarchy

1. Summary
----------

+--------------------------+--------------+
| Total On-Chip Power (W)  | 4.335        |
| Design Power Budget (W)  | Unspecified* |
| Power Budget Margin (W)  | NA           |
| Dynamic (W)              | 4.018        |
| Device Static (W)        | 0.317        |
| Effective TJA (C/W)      | 2.3          |
| Max Ambient (C)          | 74.9         |
| Junction Temperature (C) | 35.1         |
| Confidence Level         | Medium       |
| Setting File             | ---          |
| Simulation Activity File | ---          |
| Design Nets Matched      | NA           |
+--------------------------+--------------+
* Specify Design Power Budget using, set_operating_conditions -design_power_budget <value in Watts>


1.1 On-Chip Components
----------------------

+--------------------------+-----------+----------+-----------+-----------------+
| On-Chip                  | Power (W) | Used     | Available | Utilization (%) |
+--------------------------+-----------+----------+-----------+-----------------+
| Clocks                   |     0.660 |        3 |       --- |             --- |
| CLB Logic                |     0.347 |   160595 |       --- |             --- |
|   LUT as Distributed RAM |     0.237 |    35840 |     57600 |           62.22 |
|   LUT as Logic           |     0.097 |    52592 |    117120 |           44.90 |
|   Register               |     0.010 |    54045 |    234240 |           23.07 |
|   CARRY8                 |     0.003 |     4201 |     14640 |           28.70 |
|   LUT as Shift Register  |    <0.001 |       26 |     57600 |            0.05 |
|   Others                 |     0.000 |      539 |       --- |             --- |
| Signals                  |     0.868 |   137029 |       --- |             --- |
| Block RAM                |     0.653 |       98 |       144 |           68.06 |
| URAM                     |     1.011 |       62 |        64 |           96.88 |
| DSPs                     |     0.479 |      800 |      1248 |           64.10 |
| Static Power             |     0.317 |          |           |                 |
| Total                    |     4.335 |          |           |                 |
+--------------------------+-----------+----------+-----------+-----------------+


1.2 Power Supply Summary
------------------------

+-----------------+-------------+-----------+-------------+------------+-------------+-------------+------------+
| Source          | Voltage (V) | Total (A) | Dynamic (A) | Static (A) | Powerup (A) | Budget (A)  | Margin (A) |
+-----------------+-------------+-----------+-------------+------------+-------------+-------------+------------+
| Vccint          |       0.720 |     5.550 |       5.441 |      0.109 |       NA    | Unspecified | NA         |
| Vccint_io       |       0.850 |     0.037 |       0.000 |      0.037 |       NA    | Unspecified | NA         |
| Vccbram         |       0.850 |     0.121 |       0.118 |      0.003 |       NA    | Unspecified | NA         |
| Vccaux          |       1.800 |     0.074 |       0.000 |      0.074 |       NA    | Unspecified | NA         |
| Vccaux_io       |       1.800 |     0.031 |       0.000 |      0.031 |       NA    | Unspecified | NA         |
| Vcco33          |       3.300 |     0.000 |       0.000 |      0.000 |       NA    | Unspecified | NA         |
| Vcco25          |       2.500 |     0.000 |       0.000 |      0.000 |       NA    | Unspecified | NA         |
| Vcco18          |       1.800 |     0.000 |       0.000 |      0.000 |       NA    | Unspecified | NA         |
| Vcco15          |       1.500 |     0.000 |       0.000 |      0.000 |       NA    | Unspecified | NA         |
| Vcco135         |       1.350 |     0.000 |       0.000 |      0.000 |       NA    | Unspecified | NA         |
| Vcco12          |       1.200 |     0.000 |       0.000 |      0.000 |       NA    | Unspecified | NA         |
| Vcco10          |       1.000 |     0.000 |       0.000 |      0.000 |       NA    | Unspecified | NA         |
| Vccadc          |       1.800 |     0.008 |       0.000 |      0.008 |       NA    | Unspecified | NA         |
| VCC_PSINTFP     |       0.850 |     0.000 |       0.000 |      0.000 |       NA    | Unspecified | NA         |
| VCC_PSINTLP     |       0.850 |     0.000 |       0.000 |      0.000 |       NA    | Unspecified | NA         |
| VPS_MGTRAVCC    |       0.850 |     0.000 |       0.000 |      0.000 |       NA    | Unspecified | NA         |
| VCC_PSINTFP_DDR |       0.850 |     0.000 |       0.000 |      0.000 |       NA    | Unspecified | NA         |
| VCC_PSPLL       |       1.200 |     0.000 |       0.000 |      0.000 |       NA    | Unspecified | NA         |
| VPS_MGTRAVTT    |       1.800 |     0.000 |       0.000 |      0.000 |       NA    | Unspecified | NA         |
| VCCO_PSDDR_504  |       1.200 |     0.000 |       0.000 |      0.000 |       NA    | Unspecified | NA         |
| VCC_PSAUX       |       1.800 |     0.000 |       0.000 |      0.000 |       NA    | Unspecified | NA         |
| VCC_PSBATT      |       1.200 |     0.000 |       0.000 |      0.000 |       NA    | Unspecified | NA         |
| VCC_PSDDR_PLL   |       1.800 |     0.000 |       0.000 |      0.000 |       NA    | Unspecified | NA         |
| VCCO_PSIO0_500  |       3.300 |     0.000 |       0.000 |      0.000 |       NA    | Unspecified | NA         |
| VCCO_PSIO1_501  |       3.300 |     0.000 |       0.000 |      0.000 |       NA    | Unspecified | NA         |
| VCCO_PSIO2_502  |       3.300 |     0.000 |       0.000 |      0.000 |       NA    | Unspecified | NA         |
| VCCO_PSIO3_503  |       3.300 |     0.000 |       0.000 |      0.000 |       NA    | Unspecified | NA         |
| VCC_PSADC       |       1.800 |     0.000 |       0.000 |      0.000 |       NA    | Unspecified | NA         |
| MGTAVcc         |       0.900 |     0.000 |       0.000 |      0.000 |       NA    | Unspecified | NA         |
| MGTAVtt         |       1.200 |     0.000 |       0.000 |      0.000 |       NA    | Unspecified | NA         |
| MGTVccaux       |       1.800 |     0.000 |       0.000 |      0.000 |       NA    | Unspecified | NA         |
+-----------------+-------------+-----------+-------------+------------+-------------+-------------+------------+


1.3 Confidence Level
--------------------

+-----------------------------+------------+------------------------------------------------+------------------------------------------------------------------------------------------------------------+
| User Input Data             | Confidence | Details                                        | Action                                                                                                     |
+-----------------------------+------------+------------------------------------------------+------------------------------------------------------------------------------------------------------------+
| Design implementation state | High       | Design is routed                               |                                                                                                            |
| Clock nodes activity        | High       | User specified more than 95% of clocks         |                                                                                                            |
| I/O nodes activity          | High       | User specified more than 95% of inputs         |                                                                                                            |
| Internal nodes activity     | Medium     | User specified less than 25% of internal nodes | Provide missing internal nodes activity with simulation results or by editing the "By Resource Type" views |
| Device models               | High       | Device models are Production                   |                                                                                                            |
|                             |            |                                                |                                                                                                            |
| Overall confidence level    | Medium     |                                                |                                                                                                            |
+-----------------------------+------------+------------------------------------------------+------------------------------------------------------------------------------------------------------------+


2. Settings
-----------

2.1 Environment
---------------

+-----------------------+--------------------------+
| Ambient Temp (C)      | 25.0                     |
| ThetaJA (C/W)         | 2.3                      |
| Airflow (LFM)         | 250                      |
| Heat Sink             | medium (Medium Profile)  |
| ThetaSA (C/W)         | 5.5                      |
| Board Selection       | medium (10"x10")         |
| # of Board Layers     | 12to15 (12 to 15 Layers) |
| Board Temperature (C) | 25.0                     |
+-----------------------+--------------------------+


2.2 Clock Constraints
---------------------

+-------+--------+-----------------+
| Clock | Domain | Constraint (ns) |
+-------+--------+-----------------+
| clk   | i_clk  |             2.0 |
+-------+--------+-----------------+


3. Detailed Reports
-------------------

3.1 By Hierarchy
----------------

+--------------------------------------+-----------+
| Name                                 | Power (W) |
+--------------------------------------+-----------+
| top                                  |     4.018 |
|   depthwise_0                        |     0.215 |
|     GEN_CH[0].mac_inst               |     0.010 |
|     GEN_CH[10].mac_inst              |     0.012 |
|     GEN_CH[11].mac_inst              |     0.011 |
|     GEN_CH[12].mac_inst              |     0.010 |
|     GEN_CH[13].mac_inst              |     0.011 |
|     GEN_CH[14].mac_inst              |     0.011 |
|     GEN_CH[15].mac_inst              |     0.011 |
|     GEN_CH[1].mac_inst               |     0.011 |
|     GEN_CH[2].mac_inst               |     0.011 |
|     GEN_CH[3].mac_inst               |     0.015 |
|     GEN_CH[4].mac_inst               |     0.010 |
|     GEN_CH[5].mac_inst               |     0.011 |
|     GEN_CH[6].mac_inst               |     0.011 |
|     GEN_CH[7].mac_inst               |     0.011 |
|     GEN_CH[8].mac_inst               |     0.010 |
|     GEN_CH[9].mac_inst               |     0.011 |
|   depthwise_1                        |     0.209 |
|     GEN_CH[0].mac_inst               |     0.010 |
|     GEN_CH[10].mac_inst              |     0.012 |
|     GEN_CH[11].mac_inst              |     0.011 |
|     GEN_CH[12].mac_inst              |     0.010 |
|     GEN_CH[13].mac_inst              |     0.011 |
|     GEN_CH[14].mac_inst              |     0.011 |
|     GEN_CH[15].mac_inst              |     0.011 |
|     GEN_CH[1].mac_inst               |     0.011 |
|     GEN_CH[2].mac_inst               |     0.011 |
|     GEN_CH[3].mac_inst               |     0.015 |
|     GEN_CH[4].mac_inst               |     0.010 |
|     GEN_CH[5].mac_inst               |     0.011 |
|     GEN_CH[6].mac_inst               |     0.011 |
|     GEN_CH[7].mac_inst               |     0.011 |
|     GEN_CH[8].mac_inst               |     0.010 |
|     GEN_CH[9].mac_inst               |     0.011 |
|   mem_0                              |     0.263 |
|     bank_gen[0].u_mem_bank           |     0.016 |
|     bank_gen[10].u_mem_bank          |     0.016 |
|     bank_gen[11].u_mem_bank          |     0.016 |
|     bank_gen[12].u_mem_bank          |     0.017 |
|     bank_gen[13].u_mem_bank          |     0.017 |
|     bank_gen[14].u_mem_bank          |     0.017 |
|     bank_gen[15].u_mem_bank          |     0.017 |
|     bank_gen[1].u_mem_bank           |     0.016 |
|     bank_gen[2].u_mem_bank           |     0.016 |
|     bank_gen[3].u_mem_bank           |     0.016 |
|     bank_gen[4].u_mem_bank           |     0.016 |
|     bank_gen[5].u_mem_bank           |     0.016 |
|     bank_gen[6].u_mem_bank           |     0.016 |
|     bank_gen[7].u_mem_bank           |     0.016 |
|     bank_gen[8].u_mem_bank           |     0.016 |
|     bank_gen[9].u_mem_bank           |     0.016 |
|   mem_1                              |     0.133 |
|     bank_gen[0].u_mem_bank           |     0.016 |
|     bank_gen[1].u_mem_bank           |     0.016 |
|     bank_gen[2].u_mem_bank           |     0.016 |
|     bank_gen[3].u_mem_bank           |     0.017 |
|     bank_gen[4].u_mem_bank           |     0.017 |
|     bank_gen[5].u_mem_bank           |     0.017 |
|     bank_gen[6].u_mem_bank           |     0.017 |
|     bank_gen[7].u_mem_bank           |     0.017 |
|   mem_2                              |     0.138 |
|     bank_gen[0].u_mem_bank           |     0.017 |
|     bank_gen[1].u_mem_bank           |     0.017 |
|     bank_gen[2].u_mem_bank           |     0.017 |
|     bank_gen[3].u_mem_bank           |     0.017 |
|     bank_gen[4].u_mem_bank           |     0.017 |
|     bank_gen[5].u_mem_bank           |     0.017 |
|     bank_gen[6].u_mem_bank           |     0.017 |
|     bank_gen[7].u_mem_bank           |     0.020 |
|   mem_3                              |     0.138 |
|     bank_gen[0].u_mem_bank           |     0.017 |
|     bank_gen[1].u_mem_bank           |     0.017 |
|     bank_gen[2].u_mem_bank           |     0.017 |
|     bank_gen[3].u_mem_bank           |     0.017 |
|     bank_gen[4].u_mem_bank           |     0.017 |
|     bank_gen[5].u_mem_bank           |     0.017 |
|     bank_gen[6].u_mem_bank           |     0.017 |
|     bank_gen[7].u_mem_bank           |     0.020 |
|   mem_4                              |     0.137 |
|     bank_gen[0].u_mem_bank           |     0.017 |
|     bank_gen[1].u_mem_bank           |     0.017 |
|     bank_gen[2].u_mem_bank           |     0.017 |
|     bank_gen[3].u_mem_bank           |     0.017 |
|     bank_gen[4].u_mem_bank           |     0.017 |
|     bank_gen[5].u_mem_bank           |     0.017 |
|     bank_gen[6].u_mem_bank           |     0.017 |
|     bank_gen[7].u_mem_bank           |     0.020 |
|   mem_5                              |     0.136 |
|     bank_gen[0].u_mem_bank           |     0.016 |
|     bank_gen[1].u_mem_bank           |     0.016 |
|     bank_gen[2].u_mem_bank           |     0.016 |
|     bank_gen[3].u_mem_bank           |     0.016 |
|     bank_gen[4].u_mem_bank           |     0.017 |
|     bank_gen[5].u_mem_bank           |     0.017 |
|     bank_gen[6].u_mem_bank           |     0.017 |
|     bank_gen[7].u_mem_bank           |     0.020 |
|   u_bias_mem                         |     0.007 |
|   u_depth_mem                        |     0.249 |
|     gen_depth_banks[0].u_depth_core  |     0.032 |
|     gen_depth_banks[1].u_depth_core  |     0.033 |
|     gen_depth_banks[2].u_depth_core  |     0.034 |
|     gen_depth_banks[3].u_depth_core  |     0.029 |
|     gen_depth_banks[4].u_depth_core  |     0.027 |
|     gen_depth_banks[5].u_depth_core  |     0.023 |
|     gen_depth_banks[6].u_depth_core  |     0.024 |
|     gen_depth_banks[7].u_depth_core  |     0.024 |
|     gen_depth_banks[8].u_depth_core  |     0.023 |
|   u_fsm_line_buffer0                 |     0.484 |
|     LB_GEN[0].lb_inst                |     0.099 |
|     LB_GEN[1].lb_inst                |     0.095 |
|     LB_GEN[2].lb_inst                |     0.095 |
|     LB_GEN[3].lb_inst                |     0.086 |
|     LB_GEN[4].lb_inst                |     0.072 |
|   u_fsm_line_buffer1                 |     0.499 |
|     LB_GEN[0].lb_inst                |     0.108 |
|     LB_GEN[1].lb_inst                |     0.093 |
|     LB_GEN[2].lb_inst                |     0.095 |
|     LB_GEN[3].lb_inst                |     0.089 |
|     LB_GEN[4].lb_inst                |     0.078 |
|   u_img_mem                          |     0.100 |
|   u_point_mem                        |     0.278 |
|     gen_point_banks[0].u_point_core  |     0.017 |
|     gen_point_banks[10].u_point_core |     0.017 |
|     gen_point_banks[11].u_point_core |     0.017 |
|     gen_point_banks[12].u_point_core |     0.018 |
|     gen_point_banks[13].u_point_core |     0.017 |
|     gen_point_banks[14].u_point_core |     0.017 |
|     gen_point_banks[15].u_point_core |     0.017 |
|     gen_point_banks[1].u_point_core  |     0.017 |
|     gen_point_banks[2].u_point_core  |     0.018 |
|     gen_point_banks[3].u_point_core  |     0.017 |
|     gen_point_banks[4].u_point_core  |     0.017 |
|     gen_point_banks[5].u_point_core  |     0.017 |
|     gen_point_banks[6].u_point_core  |     0.017 |
|     gen_point_banks[7].u_point_core  |     0.018 |
|     gen_point_banks[8].u_point_core  |     0.017 |
|     gen_point_banks[9].u_point_core  |     0.017 |
|   u_pw_unit                          |     0.926 |
|     u_psum_adder0                    |     0.011 |
|     u_psum_adder1                    |     0.010 |
|     u_psum_fifo0                     |     0.175 |
|     u_psum_fifo1                     |     0.176 |
|     u_pw0_pw1_adder                  |     0.019 |
|     u_pw_mac0                        |     0.197 |
|     u_pw_mac1                        |     0.179 |
|     u_relu_output0                   |     0.004 |
|     u_relu_output1                   |     0.003 |
|     u_weight_buffer0                 |     0.047 |
|     u_weight_buffer1                 |     0.037 |
|   u_rd_fsm_control                   |     0.010 |
|   u_receptor                         |     0.003 |
|   u_stega_bridge                     |     0.004 |
|   u_weight_bias_control              |     0.004 |
|   u_wr_ctrl                          |     0.073 |
+--------------------------------------+-----------+


