Copyright 1986-2022 Xilinx, Inc. All Rights Reserved.
------------------------------------------------------------------------------------
| Tool Version : Vivado v.2022.2 (win64) Build 3671981 Fri Oct 14 05:00:03 MDT 2022
| Date         : Tue Apr 14 02:45:28 2026
| Host         : LAPTOP-92N761HV running 64-bit major release  (build 9200)
| Command      : report_control_sets -verbose -file top_control_sets_placed.rpt
| Design       : top
| Device       : xck26
------------------------------------------------------------------------------------

Control Set Information

Table of Contents
-----------------
1. Summary
2. Histogram
3. Flip-Flop Distribution
4. Detailed Control Set Information

1. Summary
----------

+----------------------------------------------------------+-------+
|                          Status                          | Count |
+----------------------------------------------------------+-------+
| Total control sets                                       |   355 |
|    Minimum number of control sets                        |   199 |
|    Addition due to synthesis replication                 |     0 |
|    Addition due to physical synthesis replication        |   156 |
| Unused register locations in slices containing registers |   307 |
+----------------------------------------------------------+-------+
* Control sets can be merged at opt_design using control_set_merge or merge_equivalent_drivers
** Run report_qor_suggestions for automated merging and remapping suggestions


2. Histogram
------------

+--------------------+-------+
|       Fanout       | Count |
+--------------------+-------+
| Total control sets |   355 |
| >= 0 to < 4        |    10 |
| >= 4 to < 6        |    17 |
| >= 6 to < 8        |     3 |
| >= 8 to < 10       |     5 |
| >= 10 to < 12      |     3 |
| >= 12 to < 14      |     5 |
| >= 14 to < 16      |    35 |
| >= 16              |   277 |
+--------------------+-------+
* Control sets can be remapped at either synth_design or opt_design


3. Flip-Flop Distribution
-------------------------

+--------------+-----------------------+------------------------+-----------------+--------------+
| Clock Enable | Synchronous Set/Reset | Asynchronous Set/Reset | Total Registers | Total Slices |
+--------------+-----------------------+------------------------+-----------------+--------------+
| No           | No                    | No                     |             349 |          105 |
| No           | No                    | Yes                    |            1172 |          387 |
| No           | Yes                   | No                     |            7862 |         2307 |
| Yes          | No                    | No                     |           10881 |         1841 |
| Yes          | No                    | Yes                    |           27312 |         4119 |
| Yes          | Yes                   | No                     |            6469 |         1964 |
+--------------+-----------------------+------------------------+-----------------+--------------+


4. Detailed Control Set Information
-----------------------------------

+--------------+-------------------------------------------------------------------------+-----------------------------------------------------------+------------------+----------------+--------------+
| Clock Signal |                              Enable Signal                              |                      Set/Reset Signal                     | Slice Load Count | Bel Load Count | Bels / Slice |
+--------------+-------------------------------------------------------------------------+-----------------------------------------------------------+------------------+----------------+--------------+
|  i_clk       | u_weight_bias_control/FSM_sequential_bias_stage[1]_i_1_n_0              | i_rst_n                                                   |                1 |              2 |         2.00 |
|  i_clk       | u_rd_fsm_control/o_mem_rd_swapping[1]_i_1_n_0                           | i_rst_n                                                   |                1 |              2 |         2.00 |
|  i_clk       | u_weight_bias_control/FSM_sequential_depth_stage[1]_i_1_n_0             | i_rst_n                                                   |                1 |              2 |         2.00 |
|  i_clk       | u_weight_bias_control/FSM_sequential_point_stage[1]_i_1_n_0             | i_rst_n                                                   |                1 |              2 |         2.00 |
|  i_clk       | u_wr_ctrl/mem_rd_swapping[1]_i_2_n_0                                    | i_rst_n                                                   |                1 |              2 |         2.00 |
|  i_clk       | u_fsm_line_buffer1/LB_GEN[4].lb_inst/E[0]                               | i_rst_n                                                   |                1 |              3 |         3.00 |
|  i_clk       | u_receptor/E[0]                                                         | i_rst_n                                                   |                1 |              3 |         3.00 |
|  i_clk       | u_wr_ctrl/tmp_wr_addr                                                   |                                                           |                2 |              3 |         1.50 |
|  i_clk       | u_fsm_line_buffer0/LB_GEN[4].lb_inst/E[0]                               | i_rst_n                                                   |                1 |              3 |         3.00 |
|  i_clk       | u_receptor/s_axis_tready_reg_4[0]                                       | i_rst_n                                                   |                1 |              3 |         3.00 |
|  i_clk       | u_fsm_line_buffer0/LB_GEN[4].lb_inst/s_axis_tready_reg[0]               | i_rst_n                                                   |                1 |              4 |         4.00 |
|  i_clk       | u_rd_fsm_control/o_stage[3]_i_1_n_0                                     | i_rst_n                                                   |                3 |              4 |         1.33 |
|  i_clk       | u_rd_fsm_control/loc_counter[3]_i_1_n_0                                 | i_rst_n                                                   |                1 |              4 |         4.00 |
|  i_clk       | u_rd_fsm_control/o_lic_counter[3]_i_1_n_0                               | i_rst_n                                                   |                1 |              4 |         4.00 |
|  i_clk       | i_rst_n                                                                 | u_receptor/o_valid1[3]_i_1_n_0                            |                1 |              4 |         4.00 |
|  i_clk       | i_rst_n                                                                 | u_receptor/o_valid4[3]_i_1_n_0                            |                1 |              4 |         4.00 |
|  i_clk       | u_fsm_line_buffer1/LB_GEN[4].lb_inst/s_axis_tready_reg[0]               | i_rst_n                                                   |                3 |              4 |         1.33 |
|  i_clk       | i_rst_n                                                                 | u_receptor/o_valid2[11]_i_1_n_0                           |                2 |              4 |         2.00 |
|  i_clk       | i_rst_n                                                                 | u_receptor/o_valid4[11]_i_1_n_0                           |                1 |              4 |         4.00 |
|  i_clk       | i_rst_n                                                                 | u_receptor/o_valid2[3]_i_1_n_0                            |                2 |              4 |         2.00 |
|  i_clk       | i_rst_n                                                                 | u_receptor/o_valid1[7]_i_1_n_0                            |                2 |              4 |         2.00 |
|  i_clk       | u_receptor/bias_lcnt                                                    | i_rst_n                                                   |                1 |              5 |         5.00 |
|  i_clk       | u_weight_bias_control/bias_cnt[2]_i_1_n_0                               | i_rst_n                                                   |                3 |              5 |         1.67 |
|  i_clk       | u_receptor/FSM_onehot_loading_stage[4]_i_1_n_0                          | i_rst_n                                                   |                1 |              5 |         5.00 |
|  i_clk       | u_receptor/depth_lcnt                                                   | i_rst_n                                                   |                2 |              5 |         2.50 |
|  i_clk       | u_receptor/image_lcnt                                                   | i_rst_n                                                   |                1 |              5 |         5.00 |
|  i_clk       | u_receptor/point_lcnt                                                   | i_rst_n                                                   |                2 |              5 |         2.50 |
|  i_clk       |                                                                         | depthwise_1/weight_group_cnt[1]_i_1_n_0                   |                6 |              6 |         1.00 |
|  i_clk       |                                                                         | depthwise_0/weight_group_cnt[1]_i_1_n_0                   |                4 |              6 |         1.50 |
|  i_clk       | u_receptor/o_addr4[5]_i_1_n_0                                           | i_rst_n                                                   |                2 |              6 |         3.00 |
|  i_clk       | u_rd_fsm_control/o_col_counter[7]_i_1_n_0                               | i_rst_n                                                   |                3 |              8 |         2.67 |
|  i_clk       | u_rd_fsm_control/o_row_counter[7]_i_1_n_0                               | i_rst_n                                                   |                3 |              8 |         2.67 |
|  i_clk       | u_receptor/o_addr1[7]_i_1_n_0                                           | i_rst_n                                                   |                1 |              8 |         8.00 |
|  i_clk       | u_receptor/wr_cnt                                                       | u_receptor/s_axis_tready_reg_2[0]                         |                2 |              8 |         4.00 |
|  i_clk       | u_receptor/wr_cnt_0                                                     | u_receptor/s_axis_tready_reg_3[0]                         |                2 |              8 |         4.00 |
|  i_clk       | u_rd_fsm_control/FSM_onehot_addr_stage[9]_i_1_n_0                       | i_rst_n                                                   |                4 |             10 |         2.50 |
|  i_clk       | u_receptor/o_addr2[9]_i_1_n_0                                           | i_rst_n                                                   |                3 |             10 |         3.33 |
|  i_clk       | depthwise_0/v_pipe[2]_repN_25                                           |                                                           |                6 |             10 |         1.67 |
|  i_clk       | u_stega_bridge/o_gen_wr_addr_n_0                                        | i_rst_n                                                   |                6 |             12 |         2.00 |
|  i_clk       | u_wr_ctrl_i_1_n_0                                                       | i_rst_n                                                   |                5 |             12 |         2.40 |
|  i_clk       | depthwise_1/v_pipe[2]_repN                                              |                                                           |                4 |             12 |         3.00 |
|  i_clk       | u_pw_unit/u_psum_fifo0/count[12]_i_1__0_n_0                             | i_rst_n                                                   |                3 |             13 |         4.33 |
|  i_clk       | u_pw_unit/u_psum_fifo1/count[12]_i_1_n_0                                | i_rst_n                                                   |                3 |             13 |         4.33 |
|  i_clk       | depthwise_1/v_pipe[3]_repN_5                                            |                                                           |                5 |             14 |         2.80 |
|  i_clk       | i_rst_n                                                                 | u_wr_ctrl/o_wr_mem0_ena[15]_i_1_n_0                       |                8 |             14 |         1.75 |
|  i_clk       | depthwise_1/v_pipe[6]                                                   | depthwise_1/GEN_CH[15].post_inst/data_out[14]_i_1__9_n_0  |                8 |             15 |         1.88 |
|  i_clk       | depthwise_1/v_pipe[6]                                                   | depthwise_1/GEN_CH[6].post_inst/data_out[14]_i_1__3_n_0   |                6 |             15 |         2.50 |
|  i_clk       | depthwise_1/v_pipe[6]                                                   | depthwise_1/GEN_CH[2].post_inst/data_out[14]_i_1__0_n_0   |                5 |             15 |         3.00 |
|  i_clk       | depthwise_1/v_pipe[6]                                                   | depthwise_1/GEN_CH[8].post_inst/data_out[14]_i_1__12_n_0  |               10 |             15 |         1.50 |
|  i_clk       | depthwise_0/v_pipe[6]                                                   | depthwise_0/GEN_CH[9].post_inst/data_out[14]_i_1__5_n_0   |                6 |             15 |         2.50 |
|  i_clk       | depthwise_1/v_pipe[6]                                                   | depthwise_1/GEN_CH[7].post_inst/data_out[14]_i_1__4_n_0   |                6 |             15 |         2.50 |
|  i_clk       | depthwise_1/v_pipe[6]                                                   | depthwise_1/GEN_CH[3].post_inst/data_out[14]_i_1__1_n_0   |                8 |             15 |         1.88 |
|  i_clk       | depthwise_1/v_pipe[3]_repN_1                                            |                                                           |                7 |             15 |         2.14 |
|  i_clk       | depthwise_1/v_pipe[6]                                                   | depthwise_1/GEN_CH[4].post_inst/data_out[14]_i_1__13_n_0  |               11 |             15 |         1.36 |
|  i_clk       | depthwise_1/v_pipe[6]                                                   | depthwise_1/GEN_CH[9].post_inst/data_out[14]_i_1__5_n_0   |                8 |             15 |         1.88 |
|  i_clk       | depthwise_0/v_pipe[6]                                                   | depthwise_0/GEN_CH[12].post_inst/data_out[14]_i_1__10_n_0 |                8 |             15 |         1.88 |
|  i_clk       | depthwise_1/v_pipe[6]                                                   | depthwise_1/GEN_CH[5].post_inst/data_out[14]_i_1__2_n_0   |                9 |             15 |         1.67 |
|  i_clk       | depthwise_0/v_pipe[6]                                                   | depthwise_0/GEN_CH[0].post_inst/data_out[14]_i_1__14_n_0  |                8 |             15 |         1.88 |
|  i_clk       | depthwise_0/v_pipe[6]                                                   | depthwise_0/GEN_CH[3].post_inst/data_out[14]_i_1__1_n_0   |                5 |             15 |         3.00 |
|  i_clk       | depthwise_0/v_pipe[6]                                                   | depthwise_0/GEN_CH[4].post_inst/data_out[14]_i_1__13_n_0  |                9 |             15 |         1.67 |
|  i_clk       | depthwise_0/v_pipe[6]                                                   | depthwise_0/GEN_CH[5].post_inst/data_out[14]_i_1__2_n_0   |               11 |             15 |         1.36 |
|  i_clk       | depthwise_0/v_pipe[6]                                                   | depthwise_0/GEN_CH[6].post_inst/data_out[14]_i_1__3_n_0   |                4 |             15 |         3.75 |
|  i_clk       | depthwise_0/v_pipe[6]                                                   | depthwise_0/GEN_CH[7].post_inst/data_out[14]_i_1__4_n_0   |                5 |             15 |         3.00 |
|  i_clk       | depthwise_0/v_pipe[6]                                                   | depthwise_0/GEN_CH[8].post_inst/data_out[14]_i_1__12_n_0  |               10 |             15 |         1.50 |
|  i_clk       | depthwise_0/v_pipe[6]                                                   | depthwise_0/GEN_CH[10].post_inst/data_out[14]_i_1__11_n_0 |                9 |             15 |         1.67 |
|  i_clk       | depthwise_0/v_pipe[6]                                                   | depthwise_0/GEN_CH[11].post_inst/data_out[14]_i_1__6_n_0  |                7 |             15 |         2.14 |
|  i_clk       | depthwise_0/v_pipe[6]                                                   | depthwise_0/GEN_CH[13].post_inst/data_out[14]_i_1__7_n_0  |               10 |             15 |         1.50 |
|  i_clk       | depthwise_1/v_pipe[6]                                                   | depthwise_1/GEN_CH[0].post_inst/data_out[14]_i_1__14_n_0  |                9 |             15 |         1.67 |
|  i_clk       | depthwise_0/v_pipe[6]                                                   | depthwise_0/GEN_CH[14].post_inst/data_out[14]_i_1__8_n_0  |                9 |             15 |         1.67 |
|  i_clk       | depthwise_0/v_pipe[6]                                                   | depthwise_0/GEN_CH[15].post_inst/data_out[14]_i_1__9_n_0  |                8 |             15 |         1.88 |
|  i_clk       | depthwise_0/v_pipe[6]                                                   | depthwise_0/GEN_CH[1].post_inst/data_out[14]_i_1_n_0      |                7 |             15 |         2.14 |
|  i_clk       | depthwise_1/v_pipe[6]                                                   | depthwise_1/GEN_CH[11].post_inst/data_out[14]_i_1__6_n_0  |                8 |             15 |         1.88 |
|  i_clk       | depthwise_0/v_pipe[6]                                                   | depthwise_0/GEN_CH[2].post_inst/data_out[14]_i_1__0_n_0   |                7 |             15 |         2.14 |
|  i_clk       | depthwise_1/v_pipe[6]                                                   | depthwise_1/GEN_CH[1].post_inst/data_out[14]_i_1_n_0      |                5 |             15 |         3.00 |
|  i_clk       | depthwise_1/v_pipe[6]                                                   | depthwise_1/GEN_CH[10].post_inst/data_out[14]_i_1__11_n_0 |                6 |             15 |         2.50 |
|  i_clk       | depthwise_1/v_pipe[6]                                                   | depthwise_1/GEN_CH[12].post_inst/data_out[14]_i_1__10_n_0 |                9 |             15 |         1.67 |
|  i_clk       | depthwise_1/v_pipe[6]                                                   | depthwise_1/GEN_CH[13].post_inst/data_out[14]_i_1__7_n_0  |                5 |             15 |         3.00 |
|  i_clk       | depthwise_1/v_pipe[6]                                                   | depthwise_1/GEN_CH[14].post_inst/data_out[14]_i_1__8_n_0  |                9 |             15 |         1.67 |
|  i_clk       | u_stega_bridge/wr_buffer[0][31]_i_1_n_0                                 | i_rst_n                                                   |               10 |             16 |         1.60 |
|  i_clk       | u_stega_bridge/wr_buffer[1][31]_i_1_n_0                                 | i_rst_n                                                   |               12 |             16 |         1.33 |
|  i_clk       | u_stega_bridge/wr_buffer[2][31]_i_1_n_0                                 | i_rst_n                                                   |               10 |             16 |         1.60 |
|  i_clk       | u_stega_bridge/wr_buffer[2][15]_i_1_n_0                                 | i_rst_n                                                   |               12 |             16 |         1.33 |
|  i_clk       | depthwise_0/v_pipe[6]                                                   |                                                           |               14 |             16 |         1.14 |
|  i_clk       | u_stega_bridge/wr_buffer[0][15]_i_1_n_0                                 | i_rst_n                                                   |               11 |             16 |         1.45 |
|  i_clk       | u_stega_bridge/wr_buffer[1][47]_i_1_n_0                                 | i_rst_n                                                   |               11 |             16 |         1.45 |
|  i_clk       | u_stega_bridge/wr_buffer[0][47]_i_1_n_0                                 | i_rst_n                                                   |               12 |             16 |         1.33 |
|  i_clk       | u_weight_bias_control/dweight_cnt[2]_i_1_n_0                            | i_rst_n                                                   |                5 |             16 |         3.20 |
|  i_clk       | u_stega_bridge/wr_buffer[2][47]_i_1_n_0                                 | i_rst_n                                                   |               10 |             16 |         1.60 |
|  i_clk       | u_stega_bridge/wr_buffer[1][15]_i_1_n_0                                 | i_rst_n                                                   |               10 |             16 |         1.60 |
|  i_clk       | depthwise_1/v_pipe[6]                                                   |                                                           |               14 |             16 |         1.14 |
|  i_clk       | u_weight_bias_control/pweight_cnt[2]_i_1_n_0                            | i_rst_n                                                   |                7 |             17 |         2.43 |
|  i_clk       | u_rd_fsm_control/o_mem_rd_addr[13]_i_2_n_0                              | i_rst_n                                                   |                3 |             18 |         6.00 |
|  i_clk       | u_receptor/o_valid4_reg[15]_0[10]                                       |                                                           |                3 |             20 |         6.67 |
|  i_clk       | u_receptor/o_valid4_reg[15]_0[0]                                        |                                                           |                3 |             20 |         6.67 |
|  i_clk       | u_receptor/o_valid4_reg[15]_0[5]                                        |                                                           |                3 |             20 |         6.67 |
|  i_clk       | u_receptor/o_valid4_reg[15]_0[15]                                       |                                                           |                3 |             20 |         6.67 |
|  i_clk       | u_receptor/o_valid4_reg[15]_0[2]                                        |                                                           |                3 |             20 |         6.67 |
|  i_clk       | u_receptor/o_valid4_reg[15]_0[4]                                        |                                                           |                3 |             20 |         6.67 |
|  i_clk       | u_receptor/o_valid4_reg[15]_0[13]                                       |                                                           |                3 |             20 |         6.67 |
|  i_clk       | u_receptor/o_valid4_reg[15]_0[12]                                       |                                                           |                3 |             20 |         6.67 |
|  i_clk       | u_receptor/o_valid4_reg[15]_0[14]                                       |                                                           |                3 |             20 |         6.67 |
|  i_clk       | u_receptor/o_valid4_reg[15]_0[9]                                        |                                                           |                3 |             20 |         6.67 |
|  i_clk       | u_receptor/o_addr3[11]_i_1_n_0                                          | i_rst_n                                                   |                9 |             20 |         2.22 |
|  i_clk       | u_receptor/o_valid4_reg[15]_0[8]                                        |                                                           |                3 |             20 |         6.67 |
|  i_clk       | u_receptor/o_valid4_reg[15]_0[11]                                       |                                                           |                3 |             20 |         6.67 |
|  i_clk       | u_receptor/o_valid4_reg[15]_0[6]                                        |                                                           |                3 |             20 |         6.67 |
|  i_clk       | u_receptor/o_valid4_reg[15]_0[3]                                        |                                                           |                3 |             20 |         6.67 |
|  i_clk       | u_receptor/o_valid4_reg[15]_0[1]                                        |                                                           |                3 |             20 |         6.67 |
|  i_clk       | u_receptor/o_valid4_reg[15]_0[7]                                        |                                                           |                3 |             20 |         6.67 |
|  i_clk       | u_fsm_line_buffer1/LB_GEN[1].lb_inst/i_vld00_out                        | u_fsm_line_buffer1/LB_GEN[1].lb_inst/wrPntr[7]_i_1__7_n_0 |                8 |             26 |         3.25 |
|  i_clk       | u_fsm_line_buffer1/LB_GEN[2].lb_inst/i_vld02_out                        | u_fsm_line_buffer1/LB_GEN[2].lb_inst/wrPntr[7]_i_1__6_n_0 |               17 |             26 |         1.53 |
|  i_clk       | u_fsm_line_buffer1/LB_GEN[3].lb_inst/i_vld04_out                        | u_fsm_line_buffer1/LB_GEN[3].lb_inst/wrPntr[7]_i_1__5_n_0 |               16 |             26 |         1.62 |
|  i_clk       | u_fsm_line_buffer1/LB_GEN[0].lb_inst/i_vld0                             | u_fsm_line_buffer1/LB_GEN[0].lb_inst/wrPntr[7]_i_1__8_n_0 |               13 |             26 |         2.00 |
|  i_clk       | u_fsm_line_buffer0/LB_GEN[2].lb_inst/i_vld02_out                        | u_fsm_line_buffer0/LB_GEN[2].lb_inst/wrPntr[7]_i_1__1_n_0 |                8 |             27 |         3.38 |
|  i_clk       | u_fsm_line_buffer0/LB_GEN[1].lb_inst/i_vld00_out                        | u_fsm_line_buffer0/LB_GEN[1].lb_inst/wrPntr[7]_i_1__2_n_0 |               10 |             27 |         2.70 |
|  i_clk       | u_fsm_line_buffer1/LB_GEN[4].lb_inst/i_vld06_out                        | u_fsm_line_buffer1/LB_GEN[4].lb_inst/wrPntr[7]_i_1__4_n_0 |               12 |             27 |         2.25 |
|  i_clk       | u_fsm_line_buffer0/LB_GEN[3].lb_inst/i_vld04_out                        | u_fsm_line_buffer0/LB_GEN[3].lb_inst/wrPntr[7]_i_1__0_n_0 |               12 |             27 |         2.25 |
|  i_clk       | u_fsm_line_buffer0/LB_GEN[0].lb_inst/i_vld0                             | u_fsm_line_buffer0/LB_GEN[0].lb_inst/wrPntr[7]_i_1__3_n_0 |               10 |             27 |         2.70 |
|  i_clk       | u_fsm_line_buffer0/LB_GEN[4].lb_inst/i_vld06_out                        | u_fsm_line_buffer0/LB_GEN[4].lb_inst/wrPntr[7]_i_1_n_0    |               17 |             27 |         1.59 |
|  i_clk       | depthwise_1/v_pipe[3]_repN_6                                            |                                                           |               13 |             32 |         2.46 |
|  i_clk       | u_pw_unit/valid_pipe_reg_n_0_[0]_repN_15                                | i_rst_n                                                   |                5 |             33 |         6.60 |
|  i_clk       | depthwise_0/v_pipe[2]_repN_21                                           |                                                           |                5 |             33 |         6.60 |
|  i_clk       | u_pw_unit/valid_pipe_reg_n_0_[0]_repN_23                                | i_rst_n                                                   |                5 |             33 |         6.60 |
|  i_clk       | u_pw_unit/valid_pipe_reg_n_0_[0]_repN_54                                | i_rst_n                                                   |                5 |             33 |         6.60 |
|  i_clk       | u_pw_unit/valid_pipe_reg_n_0_[1]_repN_3                                 | i_rst_n                                                   |                5 |             36 |         7.20 |
|  i_clk       | depthwise_1/v_pipe[2]_repN_3                                            |                                                           |                8 |             43 |         5.38 |
|  i_clk       | depthwise_1/v_pipe[3]_repN                                              |                                                           |               14 |             43 |         3.07 |
|  i_clk       | depthwise_1/v_pipe[2]_repN_2                                            |                                                           |               12 |             44 |         3.67 |
|  i_clk       | u_adder_stega/vld_s1                                                    | i_rst_n                                                   |               12 |             48 |         4.00 |
|  i_clk       | depthwise_0/v_pipe[2]_repN_8                                            |                                                           |                9 |             48 |         5.33 |
|  i_clk       | depthwise_0/v_pipe[3]_repN_6                                            |                                                           |               13 |             49 |         3.77 |
|  i_clk       | mem_2/bank_gen[2].u_mem_bank/E[0]                                       | i_rst_n                                                   |                9 |             51 |         5.67 |
|  i_clk       | depthwise_0/v_pipe[2]                                                   |                                                           |               17 |             57 |         3.35 |
|  i_clk       | u_fsm_line_buffer0/LB_GEN[4].lb_inst/LB_GEN[4].rd_en                    | u_fsm_line_buffer0/LB_GEN[4].lb_inst/rdPntr[0]_i_1__1_n_0 |               39 |             61 |         1.56 |
|  i_clk       | u_fsm_line_buffer0/LB_GEN[0].lb_inst/LB_GEN[0].rd_en                    | u_fsm_line_buffer0/LB_GEN[0].lb_inst/rdPntr[0]_i_1_n_0    |               30 |             61 |         2.03 |
|  i_clk       | u_fsm_line_buffer0/LB_GEN[1].lb_inst/LB_GEN[1].rd_en                    | u_fsm_line_buffer0/LB_GEN[1].lb_inst/rdPntr[0]_i_1__0_n_0 |               21 |             61 |         2.90 |
|  i_clk       | u_fsm_line_buffer1/LB_GEN[4].lb_inst/LB_GEN[4].rd_en                    | u_fsm_line_buffer1/LB_GEN[4].lb_inst/rdPntr[0]_i_1__4_n_0 |               44 |             61 |         1.39 |
|  i_clk       | u_fsm_line_buffer1/LB_GEN[1].lb_inst/LB_GEN[1].rd_en                    | u_fsm_line_buffer1/LB_GEN[1].lb_inst/rdPntr[0]_i_1__3_n_0 |               43 |             61 |         1.42 |
|  i_clk       | u_fsm_line_buffer1/LB_GEN[3].lb_inst/LB_GEN[3].rd_en                    | u_fsm_line_buffer1/LB_GEN[3].lb_inst/rdPntr[0]_i_1__8_n_0 |               48 |             61 |         1.27 |
|  i_clk       | u_fsm_line_buffer0/LB_GEN[3].lb_inst/LB_GEN[3].rd_en                    | u_fsm_line_buffer0/LB_GEN[3].lb_inst/rdPntr[0]_i_1__6_n_0 |               21 |             62 |         2.95 |
|  i_clk       | u_stega_bridge/p_4_out[63]                                              | i_rst_n                                                   |               32 |             64 |         2.00 |
|  i_clk       | u_stega_bridge/p_4_out[127]                                             | i_rst_n                                                   |               31 |             64 |         2.06 |
|  i_clk       | u_fsm_line_buffer1/LB_GEN[2].lb_inst/LB_GEN[2].rd_en                    | u_fsm_line_buffer1/LB_GEN[2].lb_inst/rdPntr[0]_i_1__7_n_0 |               46 |             64 |         1.39 |
|  i_clk       | u_fsm_line_buffer0/LB_GEN[2].lb_inst/LB_GEN[2].rd_en                    | u_fsm_line_buffer0/LB_GEN[2].lb_inst/rdPntr[0]_i_1__5_n_0 |               25 |             64 |         2.56 |
|  i_clk       | u_stega_bridge/p_4_out[191]                                             | i_rst_n                                                   |               23 |             64 |         2.78 |
|  i_clk       | u_fsm_line_buffer1/LB_GEN[0].lb_inst/LB_GEN[0].rd_en                    | u_fsm_line_buffer1/LB_GEN[0].lb_inst/rdPntr[0]_i_1__2_n_0 |               43 |             66 |         1.53 |
|  i_clk       | u_pw_unit/valid_pipe_reg_n_0_[0]_repN_38                                | i_rst_n                                                   |               10 |             66 |         6.60 |
|  i_clk       | u_pw_unit/valid_pipe_reg_n_0_[0]_repN_41                                | i_rst_n                                                   |               10 |             66 |         6.60 |
|  i_clk       | u_pw_unit/valid_pipe_reg_n_0_[0]_repN_52                                | i_rst_n                                                   |               10 |             66 |         6.60 |
|  i_clk       | u_pw_unit/valid_pipe_reg_n_0_[1]_repN_24                                | i_rst_n                                                   |               10 |             72 |         7.20 |
|  i_clk       | u_pw_unit/valid_pipe_reg_n_0_[1]_repN_16                                | i_rst_n                                                   |               10 |             72 |         7.20 |
|  i_clk       | u_pw_unit/valid_pipe_reg_n_0_[2]_repN                                   | i_rst_n                                                   |               10 |             72 |         7.20 |
|  i_clk       | u_pw_unit/u_pw_mac1/D[0]                                                | i_rst_n                                                   |               48 |             73 |         1.52 |
|  i_clk       | depthwise_1/v_pipe[2]_repN_10                                           |                                                           |               15 |             75 |         5.00 |
|  i_clk       | depthwise_0/v_pipe[3]_repN_3                                            |                                                           |               15 |             75 |         5.00 |
|  i_clk       | depthwise_0/v_pipe[3]_repN_7                                            |                                                           |               24 |             78 |         3.25 |
|  i_clk       | depthwise_1/v_pipe[3]_repN_7                                            |                                                           |               14 |             79 |         5.64 |
|  i_clk       | depthwise_1/v_pipe[3]_repN_3                                            |                                                           |               21 |             93 |         4.43 |
|  i_clk       | depthwise_0/v_pipe[2]_repN_11                                           |                                                           |               24 |             94 |         3.92 |
|  i_clk       | depthwise_1/v_pipe[2]_repN_1                                            |                                                           |               22 |             94 |         4.27 |
|  i_clk       | u_pw_unit/u_psum_fifo0/mem_reg_0_i_2_n_0                                | i_rst_n                                                   |               40 |             96 |         2.40 |
|  i_clk       | u_pw_unit/u_psum_fifo0/p_0_in[1]                                        | i_rst_n                                                   |               31 |             96 |         3.10 |
|  i_clk       | depthwise_1/v_pipe[2]_repN_15                                           |                                                           |               17 |             96 |         5.65 |
|  i_clk       | u_pw_unit/valid_pipe_reg_n_0_[0]_repN_25                                | i_rst_n                                                   |               15 |             99 |         6.60 |
|  i_clk       | depthwise_1/v_pipe[2]_repN_13                                           |                                                           |               22 |             99 |         4.50 |
|  i_clk       | u_pw_unit/valid_pipe_reg_n_0_[0]_repN_11                                | i_rst_n                                                   |               15 |             99 |         6.60 |
|  i_clk       | u_pw_unit/valid_pipe_reg_n_0_[0]_repN_6                                 | i_rst_n                                                   |               15 |             99 |         6.60 |
|  i_clk       | u_pw_unit/valid_pipe_reg_n_0_[0]_repN_7                                 | i_rst_n                                                   |               15 |             99 |         6.60 |
|  i_clk       | u_pw_unit/valid_pipe_reg_n_0_[0]_repN_50                                | i_rst_n                                                   |               15 |             99 |         6.60 |
|  i_clk       | u_pw_unit/valid_pipe_reg_n_0_[0]_repN_45                                | i_rst_n                                                   |               15 |             99 |         6.60 |
|  i_clk       | u_pw_unit/valid_pipe_reg_n_0_[0]_repN_48                                | i_rst_n                                                   |               15 |             99 |         6.60 |
|  i_clk       | u_pw_unit/valid_pipe_reg_n_0_[0]_repN_43                                | i_rst_n                                                   |               15 |             99 |         6.60 |
|  i_clk       | u_pw_unit/valid_pipe_reg_n_0_[0]_repN_37                                | i_rst_n                                                   |               15 |             99 |         6.60 |
|  i_clk       | u_pw_unit/valid_pipe_reg_n_0_[0]_repN_35                                | i_rst_n                                                   |               15 |             99 |         6.60 |
|  i_clk       | u_pw_unit/valid_pipe_reg_n_0_[0]_repN_21                                | i_rst_n                                                   |               15 |             99 |         6.60 |
|  i_clk       | u_pw_unit/valid_pipe_reg_n_0_[0]_repN_33                                | i_rst_n                                                   |               15 |             99 |         6.60 |
|  i_clk       | u_pw_unit/valid_pipe_reg_n_0_[0]_repN_40                                | i_rst_n                                                   |               15 |             99 |         6.60 |
|  i_clk       | u_pw_unit/u_psum_fifo1/mem_reg_0_i_2__0_n_0                             | i_rst_n                                                   |               39 |            101 |         2.59 |
|  i_clk       | depthwise_0/v_pipe[2]_repN_2                                            |                                                           |               17 |            101 |         5.94 |
|  i_clk       | depthwise_0/v_pipe[2]_repN_13                                           |                                                           |               17 |            103 |         6.06 |
|  i_clk       | depthwise_0/v_pipe[2]_repN_15                                           |                                                           |               17 |            104 |         6.12 |
|  i_clk       | depthwise_0/v_pipe[3]_repN                                              |                                                           |               59 |            105 |         1.78 |
|  i_clk       | depthwise_0/v_pipe[2]_repN_3                                            |                                                           |               32 |            106 |         3.31 |
|  i_clk       | depthwise_0/v_pipe[2]_repN_12                                           |                                                           |               29 |            106 |         3.66 |
|  i_clk       | u_pw_unit/valid_pipe_reg_n_0_[2]_repN_8                                 | i_rst_n                                                   |               15 |            108 |         7.20 |
|  i_clk       | u_pw_unit/valid_pipe_reg_n_0_[2]_repN_3                                 | i_rst_n                                                   |               15 |            108 |         7.20 |
|  i_clk       | u_pw_unit/valid_pipe_reg_n_0_[1]_repN_27                                | i_rst_n                                                   |               15 |            108 |         7.20 |
|  i_clk       | u_pw_unit/u_psum_fifo1/p_0_in[1]                                        | i_rst_n                                                   |               45 |            108 |         2.40 |
|  i_clk       | u_pw_unit/valid_pipe_reg_n_0_[1]_repN_10                                | i_rst_n                                                   |               15 |            108 |         7.20 |
|  i_clk       | u_pw_unit/valid_pipe_reg_n_0_[1]_repN_20                                | i_rst_n                                                   |               15 |            108 |         7.20 |
|  i_clk       | u_pw_unit/valid_pipe_reg_n_0_[1]_repN_22                                | i_rst_n                                                   |               15 |            108 |         7.20 |
|  i_clk       | depthwise_1/v_pipe[2]_repN_7                                            |                                                           |               20 |            110 |         5.50 |
|  i_clk       | depthwise_1/v_pipe[2]_repN_5                                            |                                                           |               25 |            114 |         4.56 |
|  i_clk       | depthwise_0/v_pipe[3]_repN_5                                            |                                                           |               27 |            120 |         4.44 |
|  i_clk       | depthwise_1/v_pipe[2]                                                   |                                                           |               27 |            123 |         4.56 |
|  i_clk       | u_receptor/counter[63]_i_1_n_0                                          | i_rst_n                                                   |               55 |            131 |         2.38 |
|  i_clk       | u_pw_unit/valid_pipe_reg_n_0_[0]_repN_53                                | i_rst_n                                                   |               20 |            132 |         6.60 |
|  i_clk       | u_pw_unit/valid_pipe_reg_n_0_[0]_repN_8                                 | i_rst_n                                                   |               20 |            132 |         6.60 |
|  i_clk       | u_pw_unit/valid_pipe_reg_n_0_[0]_repN_16                                | i_rst_n                                                   |               20 |            132 |         6.60 |
|  i_clk       | u_pw_unit/valid_pipe_reg_n_0_[0]_repN_3                                 | i_rst_n                                                   |               20 |            132 |         6.60 |
|  i_clk       | u_pw_unit/valid_pipe_reg_n_0_[0]_repN_1                                 | i_rst_n                                                   |               20 |            132 |         6.60 |
|  i_clk       | u_pw_unit/valid_pipe_reg_n_0_[0]_repN_20                                | i_rst_n                                                   |               20 |            132 |         6.60 |
|  i_clk       | u_pw_unit/valid_pipe_reg_n_0_[0]_repN_18                                | i_rst_n                                                   |               20 |            132 |         6.60 |
|  i_clk       | u_pw_unit/valid_pipe_reg_n_0_[0]_repN_19                                | i_rst_n                                                   |               20 |            132 |         6.60 |
|  i_clk       | u_pw_unit/valid_pipe_reg_n_0_[0]_repN_47                                | i_rst_n                                                   |               20 |            132 |         6.60 |
|  i_clk       | u_pw_unit/valid_pipe_reg_n_0_[0]_repN_49                                | i_rst_n                                                   |               20 |            132 |         6.60 |
|  i_clk       | u_pw_unit/valid_pipe_reg_n_0_[0]_repN_2                                 | i_rst_n                                                   |               20 |            132 |         6.60 |
|  i_clk       | u_pw_unit/valid_pipe_reg_n_0_[0]_repN_4                                 | i_rst_n                                                   |               20 |            132 |         6.60 |
|  i_clk       | depthwise_1/v_pipe[2]_repN_16                                           |                                                           |               28 |            133 |         4.75 |
|  i_clk       | depthwise_1/v_pipe[2]_repN_11                                           |                                                           |               22 |            136 |         6.18 |
|  i_clk       | depthwise_0/v_pipe[2]_repN                                              |                                                           |               64 |            137 |         2.14 |
|  i_clk       | depthwise_0/v_pipe[2]_repN_6                                            |                                                           |               29 |            139 |         4.79 |
|  i_clk       | u_pw_unit/valid_pipe_reg_n_0_[2]_repN_7                                 | i_rst_n                                                   |               20 |            144 |         7.20 |
|  i_clk       | u_pw_unit/valid_pipe_reg_n_0_[1]_repN                                   | i_rst_n                                                   |               20 |            144 |         7.20 |
|  i_clk       | u_pw_unit/valid_pipe_reg_n_0_[1]_repN_19                                | i_rst_n                                                   |               20 |            144 |         7.20 |
|  i_clk       | u_pw_unit/valid_pipe_reg_n_0_[2]_repN_10                                | i_rst_n                                                   |               20 |            144 |         7.20 |
|  i_clk       | u_pw_unit/valid_pipe_reg_n_0_[1]_repN_18                                | i_rst_n                                                   |               20 |            144 |         7.20 |
|  i_clk       | u_pw_unit/valid_pipe_reg_n_0_[1]_repN_17                                | i_rst_n                                                   |               20 |            144 |         7.20 |
|  i_clk       | u_pw_unit/valid_pipe_reg_n_0_[1]_repN_15                                | i_rst_n                                                   |               20 |            144 |         7.20 |
|  i_clk       | u_pw_unit/valid_pipe_reg_n_0_[1]_repN_23                                | i_rst_n                                                   |               20 |            144 |         7.20 |
|  i_clk       | u_pw_unit/valid_pipe_reg_n_0_[1]_repN_7                                 | i_rst_n                                                   |               20 |            144 |         7.20 |
|  i_clk       | u_pw_unit/valid_pipe_reg_n_0_[1]_repN_14                                | i_rst_n                                                   |               20 |            144 |         7.20 |
|  i_clk       | u_pw_unit/valid_pipe_reg_n_0_[1]_repN_28                                | i_rst_n                                                   |               20 |            144 |         7.20 |
|  i_clk       | u_pw_unit/valid_pipe_reg_n_0_[1]_repN_2                                 | i_rst_n                                                   |               20 |            144 |         7.20 |
|  i_clk       | u_pw_unit/valid_pipe_reg_n_0_[1]_repN_6                                 | i_rst_n                                                   |               20 |            144 |         7.20 |
|  i_clk       | u_pw_unit/valid_pipe_reg_n_0_[2]_repN_9                                 | i_rst_n                                                   |               20 |            144 |         7.20 |
|  i_clk       | u_pw_unit/valid_pipe_reg_n_0_[2]_repN_4                                 | i_rst_n                                                   |               20 |            144 |         7.20 |
|  i_clk       | u_pw_unit/valid_pipe_reg_n_0_[2]_repN_2                                 | i_rst_n                                                   |               20 |            144 |         7.20 |
|  i_clk       | depthwise_0/v_pipe[2]_repN_5                                            |                                                           |               24 |            146 |         6.08 |
|  i_clk       | depthwise_0/v_pipe[3]_repN_4                                            |                                                           |               25 |            150 |         6.00 |
|  i_clk       | depthwise_0/v_pipe[3]                                                   |                                                           |               32 |            156 |         4.88 |
|  i_clk       | u_pw_unit/valid_pipe_reg_n_0_[0]_repN                                   | i_rst_n                                                   |               25 |            165 |         6.60 |
|  i_clk       | u_pw_unit/valid_pipe_reg_n_0_[0]_repN_13                                | i_rst_n                                                   |               25 |            165 |         6.60 |
|  i_clk       | u_pw_unit/valid_pipe_reg_n_0_[0]_repN_27                                | i_rst_n                                                   |               25 |            165 |         6.60 |
|  i_clk       | u_pw_unit/valid_pipe_reg_n_0_[0]_repN_34                                | i_rst_n                                                   |               25 |            165 |         6.60 |
|  i_clk       | u_pw_unit/valid_pipe_reg_n_0_[0]_repN_5                                 | i_rst_n                                                   |               25 |            165 |         6.60 |
|  i_clk       | u_pw_unit/valid_pipe_reg_n_0_[0]_repN_14                                | i_rst_n                                                   |               25 |            165 |         6.60 |
|  i_clk       | u_pw_unit/valid_pipe_reg_n_0_[0]_repN_44                                | i_rst_n                                                   |               25 |            165 |         6.60 |
|  i_clk       | u_pw_unit/valid_pipe_reg_n_0_[0]_repN_26                                | i_rst_n                                                   |               25 |            165 |         6.60 |
|  i_clk       | depthwise_0/v_pipe[2]_repN_16                                           |                                                           |               34 |            171 |         5.03 |
|  i_clk       | depthwise_0/v_pipe[2]_repN_4                                            |                                                           |               32 |            173 |         5.41 |
|  i_clk       | depthwise_1/v_pipe[2]_repN_14                                           |                                                           |               35 |            177 |         5.06 |
|  i_clk       | u_pw_unit/valid_pipe_reg_n_0_[1]_repN_29                                | i_rst_n                                                   |               25 |            180 |         7.20 |
|  i_clk       | u_pw_unit/valid_pipe_reg_n_0_[1]_repN_25                                | i_rst_n                                                   |               25 |            180 |         7.20 |
|  i_clk       | u_pw_unit/valid_pipe_reg_n_0_[1]_repN_8                                 | i_rst_n                                                   |               25 |            180 |         7.20 |
|  i_clk       | u_pw_unit/valid_pipe_reg_n_0_[1]_repN_4                                 | i_rst_n                                                   |               25 |            180 |         7.20 |
|  i_clk       | u_pw_unit/valid_pipe_reg_n_0_[2]                                        | i_rst_n                                                   |               25 |            180 |         7.20 |
|  i_clk       | u_pw_unit/valid_pipe_reg_n_0_[1]_repN_5                                 | i_rst_n                                                   |               25 |            180 |         7.20 |
|  i_clk       | u_pw_unit/valid_pipe_reg_n_0_[2]_repN_12                                | i_rst_n                                                   |               25 |            180 |         7.20 |
|  i_clk       | u_pw_unit/valid_pipe_reg_n_0_[1]_repN_11                                | i_rst_n                                                   |               25 |            180 |         7.20 |
|  i_clk       | depthwise_0/v_pipe[2]_repN_9                                            |                                                           |               32 |            183 |         5.72 |
|  i_clk       | depthwise_0/v_pipe[3]_repN_2                                            |                                                           |               35 |            186 |         5.31 |
|  i_clk       | depthwise_1/v_pipe[2]_repN_17                                           |                                                           |               32 |            186 |         5.81 |
|  i_clk       | depthwise_1/v_pipe[3]_repN_8                                            |                                                           |               34 |            193 |         5.68 |
|  i_clk       | depthwise_0/v_pipe[3]_repN_8                                            |                                                           |               48 |            197 |         4.10 |
|  i_clk       | u_pw_unit/valid_pipe_reg_n_0_[0]_repN_31                                | i_rst_n                                                   |               30 |            198 |         6.60 |
|  i_clk       | u_pw_unit/valid_pipe_reg_n_0_[0]_repN_12                                | i_rst_n                                                   |               30 |            198 |         6.60 |
|  i_clk       | u_pw_unit/valid_pipe_reg_n_0_[0]_repN_39                                | i_rst_n                                                   |               30 |            198 |         6.60 |
|  i_clk       | u_pw_unit/valid_pipe_reg_n_0_[0]_repN_32                                | i_rst_n                                                   |               30 |            198 |         6.60 |
|  i_clk       | u_pw_unit/valid_pipe_reg_n_0_[0]_repN_30                                | i_rst_n                                                   |               30 |            198 |         6.60 |
|  i_clk       | u_pw_unit/valid_pipe_reg_n_0_[0]_repN_22                                | i_rst_n                                                   |               30 |            198 |         6.60 |
|  i_clk       | depthwise_0/v_pipe[2]_repN_10                                           |                                                           |               42 |            208 |         4.95 |
|  i_clk       | depthwise_0/v_pipe[2]_repN_1                                            |                                                           |               36 |            210 |         5.83 |
|  i_clk       | depthwise_1/v_pipe[3]_repN_4                                            |                                                           |               37 |            211 |         5.70 |
|  i_clk       | depthwise_1/v_pipe[2]_repN_12                                           |                                                           |               38 |            212 |         5.58 |
|  i_clk       | depthwise_1/v_pipe[3]_repN_10                                           |                                                           |               44 |            212 |         4.82 |
|  i_clk       | u_pw_unit/valid_pipe_reg_n_0_[1]_repN_12                                | i_rst_n                                                   |               30 |            216 |         7.20 |
|  i_clk       | u_pw_unit/valid_pipe_reg_n_0_[1]_repN_26                                | i_rst_n                                                   |               30 |            216 |         7.20 |
|  i_clk       | u_pw_unit/valid_pipe_reg_n_0_[1]_repN_9                                 | i_rst_n                                                   |               30 |            216 |         7.20 |
|  i_clk       | u_pw_unit/valid_pipe_reg_n_0_[2]_repN_1                                 | i_rst_n                                                   |               30 |            216 |         7.20 |
|  i_clk       | u_pw_unit/valid_pipe_reg_n_0_[2]_repN_5                                 | i_rst_n                                                   |               30 |            216 |         7.20 |
|  i_clk       | u_pw_unit/valid_pipe_reg_n_0_[1]_repN_21                                | i_rst_n                                                   |               30 |            216 |         7.20 |
|  i_clk       | u_pw_unit/valid_pipe_reg_n_0_[1]_repN_1                                 | i_rst_n                                                   |               30 |            216 |         7.20 |
|  i_clk       | depthwise_1/v_pipe[3]_repN_9                                            |                                                           |               47 |            221 |         4.70 |
|  i_clk       | depthwise_1/v_pipe[2]_repN_9                                            |                                                           |               41 |            223 |         5.44 |
|  i_clk       | depthwise_1/v_pipe[2]_repN_6                                            |                                                           |               42 |            227 |         5.40 |
|  i_clk       | u_pw_unit/valid_pipe_reg_n_0_[0]                                        | i_rst_n                                                   |               35 |            231 |         6.60 |
|  i_clk       | u_pw_unit/valid_pipe_reg_n_0_[0]_repN_28                                | i_rst_n                                                   |               35 |            231 |         6.60 |
|  i_clk       | u_pw_unit/valid_pipe_reg_n_0_[0]_repN_29                                | i_rst_n                                                   |               35 |            231 |         6.60 |
|  i_clk       | u_pw_unit/valid_pipe_reg_n_0_[0]_repN_9                                 | i_rst_n                                                   |               35 |            231 |         6.60 |
|  i_clk       | u_pw_unit/valid_pipe_reg_n_0_[0]_repN_42                                | i_rst_n                                                   |               35 |            231 |         6.60 |
|  i_clk       | u_pw_unit/valid_pipe_reg_n_0_[0]_repN_17                                | i_rst_n                                                   |               35 |            231 |         6.60 |
|  i_clk       | u_pw_unit/valid_pipe_reg_n_0_[0]_repN_10                                | i_rst_n                                                   |               35 |            231 |         6.60 |
|  i_clk       | depthwise_1/v_pipe[3]                                                   |                                                           |               54 |            234 |         4.33 |
|  i_clk       | depthwise_0/v_pipe[2]_repN_22                                           |                                                           |               38 |            236 |         6.21 |
|  i_clk       | depthwise_0/v_pipe[3]_repN_1                                            |                                                           |               63 |            238 |         3.78 |
|  i_clk       | depthwise_1/v_pipe[2]_repN_8                                            |                                                           |               46 |            240 |         5.22 |
|  i_clk       | u_pw_unit/u_relu_output1/do_output                                      | i_rst_n                                                   |               61 |            240 |         3.93 |
|  i_clk       | u_pw_unit/u_relu_output0/do_output                                      | i_rst_n                                                   |               50 |            240 |         4.80 |
|  i_clk       | depthwise_0/v_pipe[3]_repN_9                                            |                                                           |               51 |            246 |         4.82 |
|  i_clk       | u_pw_unit/valid_pipe_reg_n_0_[2]_repN_11                                | i_rst_n                                                   |               35 |            252 |         7.20 |
|  i_clk       | u_pw_unit/valid_pipe_reg_n_0_[1]_repN_13                                | i_rst_n                                                   |               35 |            252 |         7.20 |
|  i_clk       | u_pw_unit/valid_pipe_reg_n_0_[2]_repN_6                                 | i_rst_n                                                   |               35 |            252 |         7.20 |
|  i_clk       | depthwise_1/v_pipe[3]_repN_2                                            |                                                           |               49 |            253 |         5.16 |
|  i_clk       | u_pw_unit/p_1_in1_in                                                    | i_rst_n                                                   |               88 |            256 |         2.91 |
|  i_clk       | u_pw_unit/u_psum_adder1/i_valid0                                        | i_rst_n                                                   |               80 |            256 |         3.20 |
|  i_clk       | depthwise_0/v_pipe[2]_repN_7                                            |                                                           |               51 |            259 |         5.08 |
|  i_clk       | u_pw_unit/valid_pipe_reg_n_0_[0]_repN_36                                | i_rst_n                                                   |               40 |            264 |         6.60 |
|  i_clk       | u_pw_unit/valid_pipe_reg_n_0_[0]_repN_46                                | i_rst_n                                                   |               40 |            264 |         6.60 |
|  i_clk       | depthwise_1/v_pipe[2]_repN_4                                            |                                                           |               46 |            280 |         6.09 |
|  i_clk       | u_pw_unit/valid_pipe_reg_n_0_[0]_repN_51                                | i_rst_n                                                   |               45 |            297 |         6.60 |
|  i_clk       | u_pw_unit/valid_pipe_reg_n_0_[0]_repN_24                                | i_rst_n                                                   |               50 |            330 |         6.60 |
|  i_clk       |                                                                         |                                                           |              112 |            375 |         3.35 |
|  i_clk       | depthwise_0/v_pipe[5]                                                   |                                                           |               64 |            416 |         6.50 |
|  i_clk       | depthwise_1/v_pipe[5]                                                   |                                                           |               64 |            416 |         6.50 |
|  i_clk       | depthwise_1/v_pipe[4]                                                   |                                                           |               64 |            448 |         7.00 |
|  i_clk       | depthwise_0/v_pipe[4]                                                   |                                                           |               64 |            448 |         7.00 |
|  i_clk       | u_pw_unit/valid_pipe_reg_n_0_[5]                                        | i_rst_n                                                   |              143 |            512 |         3.58 |
|  i_clk       | u_pw_unit/p_1_in                                                        | i_rst_n                                                   |              127 |            512 |         4.03 |
|  i_clk       | i_rst_n                                                                 |                                                           |              229 |            670 |         2.93 |
|  i_clk       | u_fsm_line_buffer0/LB_GEN[3].lb_inst/line_reg_r1_192_255_0_6_i_1__0_n_0 |                                                           |              111 |            888 |         8.00 |
|  i_clk       | u_fsm_line_buffer0/LB_GEN[2].lb_inst/line_reg_r1_64_127_0_6_i_1__1_n_0  |                                                           |              111 |            888 |         8.00 |
|  i_clk       | u_fsm_line_buffer0/LB_GEN[2].lb_inst/line_reg_r1_192_255_0_6_i_1__1_n_0 |                                                           |              111 |            888 |         8.00 |
|  i_clk       | u_fsm_line_buffer0/LB_GEN[2].lb_inst/line_reg_r1_128_191_0_6_i_1__1_n_0 |                                                           |              111 |            888 |         8.00 |
|  i_clk       | u_fsm_line_buffer0/LB_GEN[3].lb_inst/line_reg_r1_128_191_0_6_i_1__0_n_0 |                                                           |              111 |            888 |         8.00 |
|  i_clk       | u_fsm_line_buffer0/LB_GEN[2].lb_inst/line_reg_r1_0_63_0_6_i_1__1_n_0    |                                                           |              111 |            888 |         8.00 |
|  i_clk       | u_fsm_line_buffer0/LB_GEN[1].lb_inst/line_reg_r1_64_127_0_6_i_1__2_n_0  |                                                           |              111 |            888 |         8.00 |
|  i_clk       | u_fsm_line_buffer0/LB_GEN[1].lb_inst/line_reg_r1_192_255_0_6_i_1__2_n_0 |                                                           |              111 |            888 |         8.00 |
|  i_clk       | u_fsm_line_buffer0/LB_GEN[1].lb_inst/line_reg_r1_128_191_0_6_i_1__2_n_0 |                                                           |              111 |            888 |         8.00 |
|  i_clk       | u_fsm_line_buffer0/LB_GEN[1].lb_inst/line_reg_r1_0_63_0_6_i_1__2_n_0    |                                                           |              111 |            888 |         8.00 |
|  i_clk       | u_fsm_line_buffer1/LB_GEN[2].lb_inst/line_reg_r1_0_63_0_6_i_1__6_n_0    |                                                           |              111 |            888 |         8.00 |
|  i_clk       | u_fsm_line_buffer1/LB_GEN[1].lb_inst/line_reg_r1_64_127_0_6_i_1__7_n_0  |                                                           |              111 |            888 |         8.00 |
|  i_clk       | u_fsm_line_buffer1/LB_GEN[1].lb_inst/line_reg_r1_192_255_0_6_i_1__7_n_0 |                                                           |              111 |            888 |         8.00 |
|  i_clk       | u_fsm_line_buffer1/LB_GEN[1].lb_inst/line_reg_r1_128_191_0_6_i_1__7_n_0 |                                                           |              111 |            888 |         8.00 |
|  i_clk       | u_fsm_line_buffer1/LB_GEN[1].lb_inst/line_reg_r1_0_63_0_6_i_1__7_n_0    |                                                           |              111 |            888 |         8.00 |
|  i_clk       | u_fsm_line_buffer1/LB_GEN[0].lb_inst/line_reg_r1_64_127_0_6_i_1__8_n_0  |                                                           |              111 |            888 |         8.00 |
|  i_clk       | u_fsm_line_buffer1/LB_GEN[0].lb_inst/line_reg_r1_192_255_0_6_i_1__8_n_0 |                                                           |              111 |            888 |         8.00 |
|  i_clk       | u_fsm_line_buffer1/LB_GEN[0].lb_inst/line_reg_r1_128_191_0_6_i_1__8_n_0 |                                                           |              111 |            888 |         8.00 |
|  i_clk       | u_fsm_line_buffer1/LB_GEN[0].lb_inst/line_reg_r1_0_63_0_6_i_1__8_n_0    |                                                           |              111 |            888 |         8.00 |
|  i_clk       | u_fsm_line_buffer0/LB_GEN[0].lb_inst/line_reg_r1_64_127_0_6_i_1__3_n_0  |                                                           |              111 |            888 |         8.00 |
|  i_clk       | u_fsm_line_buffer0/LB_GEN[0].lb_inst/line_reg_r1_192_255_0_6_i_1__3_n_0 |                                                           |              111 |            888 |         8.00 |
|  i_clk       | u_fsm_line_buffer0/LB_GEN[0].lb_inst/line_reg_r1_128_191_0_6_i_1__3_n_0 |                                                           |              111 |            888 |         8.00 |
|  i_clk       | u_fsm_line_buffer1/LB_GEN[4].lb_inst/line_reg_r1_64_127_0_6_i_1__4_n_0  |                                                           |              111 |            888 |         8.00 |
|  i_clk       | u_fsm_line_buffer0/LB_GEN[0].lb_inst/line_reg_r1_0_63_0_6_i_1__3_n_0    |                                                           |              111 |            888 |         8.00 |
|  i_clk       | u_fsm_line_buffer1/LB_GEN[4].lb_inst/line_reg_r1_192_255_0_6_i_1__4_n_0 |                                                           |              111 |            888 |         8.00 |
|  i_clk       | u_fsm_line_buffer1/LB_GEN[4].lb_inst/line_reg_r1_128_191_0_6_i_1__4_n_0 |                                                           |              111 |            888 |         8.00 |
|  i_clk       | u_fsm_line_buffer1/LB_GEN[4].lb_inst/line_reg_r1_0_63_0_6_i_8__0_n_0    |                                                           |              111 |            888 |         8.00 |
|  i_clk       | u_fsm_line_buffer1/LB_GEN[3].lb_inst/line_reg_r1_64_127_0_6_i_1__5_n_0  |                                                           |              111 |            888 |         8.00 |
|  i_clk       | u_fsm_line_buffer0/LB_GEN[4].lb_inst/line_reg_r1_64_127_0_6_i_1_n_0     |                                                           |              111 |            888 |         8.00 |
|  i_clk       | u_fsm_line_buffer1/LB_GEN[3].lb_inst/line_reg_r1_192_255_0_6_i_1__5_n_0 |                                                           |              111 |            888 |         8.00 |
|  i_clk       | u_fsm_line_buffer1/LB_GEN[3].lb_inst/line_reg_r1_128_191_0_6_i_1__5_n_0 |                                                           |              111 |            888 |         8.00 |
|  i_clk       | u_fsm_line_buffer0/LB_GEN[4].lb_inst/line_reg_r1_192_255_0_6_i_1_n_0    |                                                           |              111 |            888 |         8.00 |
|  i_clk       | u_fsm_line_buffer0/LB_GEN[4].lb_inst/line_reg_r1_128_191_0_6_i_1_n_0    |                                                           |              111 |            888 |         8.00 |
|  i_clk       | u_fsm_line_buffer0/LB_GEN[4].lb_inst/line_reg_r1_0_63_0_6_i_8_n_0       |                                                           |              111 |            888 |         8.00 |
|  i_clk       | u_fsm_line_buffer0/LB_GEN[3].lb_inst/line_reg_r1_64_127_0_6_i_1__0_n_0  |                                                           |              111 |            888 |         8.00 |
|  i_clk       | u_fsm_line_buffer1/LB_GEN[3].lb_inst/line_reg_r1_0_63_0_6_i_1__5_n_0    |                                                           |              111 |            888 |         8.00 |
|  i_clk       | u_fsm_line_buffer1/LB_GEN[2].lb_inst/line_reg_r1_64_127_0_6_i_1__6_n_0  |                                                           |              111 |            888 |         8.00 |
|  i_clk       | u_fsm_line_buffer0/LB_GEN[3].lb_inst/line_reg_r1_0_63_0_6_i_1__0_n_0    |                                                           |              111 |            888 |         8.00 |
|  i_clk       | u_fsm_line_buffer1/LB_GEN[2].lb_inst/line_reg_r1_192_255_0_6_i_1__6_n_0 |                                                           |              111 |            888 |         8.00 |
|  i_clk       | u_fsm_line_buffer1/LB_GEN[2].lb_inst/line_reg_r1_128_191_0_6_i_1__6_n_0 |                                                           |              111 |            888 |         8.00 |
|  i_clk       | u_pw_unit/valid_pipe_reg_n_0_[3]                                        | i_rst_n                                                   |              128 |            896 |         7.00 |
|  i_clk       | i_weight_valid10                                                        | i_rst_n                                                   |              877 |           4096 |         4.67 |
|  i_clk       | i_weight_valid00                                                        | i_rst_n                                                   |             1048 |           4096 |         3.91 |
|  i_clk       | u_receptor/s_axis_tready_reg_1                                          | i_rst_n                                                   |             1242 |           4612 |         3.71 |
|  i_clk       |                                                                         | i_rst_n                                                   |             2629 |           9022 |         3.43 |
+--------------+-------------------------------------------------------------------------+-----------------------------------------------------------+------------------+----------------+--------------+


