Vivado Simulator v2022.2
Copyright 1986-1999, 2001-2022 Xilinx, Inc. All Rights Reserved.
Running: E:/Xilinx/Vivado/2022.2/bin/unwrapped/win64.o/xelab.exe --incr --debug typical --relax --mt 2 -L xil_defaultlib -L unisims_ver -L unimacro_ver -L secureip --snapshot tb_top_behav xil_defaultlib.tb_top xil_defaultlib.glbl -log elaborate.log 
Using 2 slave threads.
Starting static elaboration
Pass Through NonSizing Optimizer
WARNING: [VRFC 10-3091] actual bit length 3 differs from formal bit length 8 for port 'i_wr_stega_ena' [E:/vivado/stegano/opti5/LVTN-Depthwise_Conv/IP_Stega_v1.srcs/sources_1/new/top.v:434]
WARNING: [VRFC 10-3091] actual bit length 512 differs from formal bit length 513 for port 'i_mem_1_data' [E:/vivado/stegano/opti5/LVTN-Depthwise_Conv/IP_Stega_v1.srcs/sources_1/new/top.v:574]
WARNING: [VRFC 10-3091] actual bit length 512 differs from formal bit length 513 for port 'i_mem_2_data' [E:/vivado/stegano/opti5/LVTN-Depthwise_Conv/IP_Stega_v1.srcs/sources_1/new/top.v:575]
WARNING: [VRFC 10-3091] actual bit length 512 differs from formal bit length 513 for port 'i_mem_3_data' [E:/vivado/stegano/opti5/LVTN-Depthwise_Conv/IP_Stega_v1.srcs/sources_1/new/top.v:576]
WARNING: [VRFC 10-3091] actual bit length 512 differs from formal bit length 513 for port 'i_mem_4_data' [E:/vivado/stegano/opti5/LVTN-Depthwise_Conv/IP_Stega_v1.srcs/sources_1/new/top.v:577]
WARNING: [VRFC 10-3091] actual bit length 512 differs from formal bit length 513 for port 'i_mem_5_data' [E:/vivado/stegano/opti5/LVTN-Depthwise_Conv/IP_Stega_v1.srcs/sources_1/new/top.v:578]
WARNING: [VRFC 10-3091] actual bit length 8 differs from formal bit length 12 for port 'o_dweight_rd_addr' [E:/vivado/stegano/opti5/LVTN-Depthwise_Conv/IP_Stega_v1.srcs/sources_1/new/top.v:647]
WARNING: [VRFC 10-3091] actual bit length 10 differs from formal bit length 14 for port 'o_pweight_rd_addr' [E:/vivado/stegano/opti5/LVTN-Depthwise_Conv/IP_Stega_v1.srcs/sources_1/new/top.v:649]
WARNING: [VRFC 10-3091] actual bit length 48 differs from formal bit length 49 for port 'o_data' [E:/vivado/stegano/opti5/LVTN-Depthwise_Conv/IP_Stega_v1.srcs/sources_1/new/top.v:844]
Completed static elaboration
Starting simulation data flow analysis
Completed simulation data flow analysis
Time Resolution for simulation is 1ps
Compiling module xil_defaultlib.receptor
Compiling module xil_defaultlib.depth_inst(LATENCY=2)
Compiling module xil_defaultlib.depth_mem_default
Compiling module xil_defaultlib.point_inst(LATENCY=2)
Compiling module xil_defaultlib.point_mem_default
Compiling module xil_defaultlib.point_inst(ADDR_W=8,DATA_W=16,LA...
Compiling module xil_defaultlib.point_mem(ADDR_W=8,DATA_W=16)
Compiling module xil_defaultlib.rd_select
Compiling module xil_defaultlib.mem_img_default
Compiling module xil_defaultlib.mem_inst
Compiling module xil_defaultlib.mem_banks_inst_default
Compiling module xil_defaultlib.stega_mem_interface
Compiling module xil_defaultlib.mux_mem1
Compiling module xil_defaultlib.mem_banks_inst(NUM_BANKS=8)
Compiling module xil_defaultlib.data_select0
Compiling module xil_defaultlib.data_select1
Compiling module xil_defaultlib.rd_fsm_control(LATENCY=4)
Compiling module xil_defaultlib.weight_bias_control(ADDRESS_WEIG...
Compiling module xil_defaultlib.line_buffer
Compiling module xil_defaultlib.fsm_line_buffer_default
Compiling module xil_defaultlib.wr_fsm_control
Compiling module xil_defaultlib.MAC_9DSP
Compiling module xil_defaultlib.Post_Processor
Compiling module xil_defaultlib.Depthwise_Core_Top_default
Compiling module xil_defaultlib.mux_mode
Compiling module xil_defaultlib.weight_buffer_default
Compiling module xil_defaultlib.pw_mac_default
Compiling module xil_defaultlib.pw0_pw1_adder
Compiling module xil_defaultlib.psum_fifo(MAX_PTR=4096)
Compiling module xil_defaultlib.psum_adder_pw
Compiling module xil_defaultlib.bias_buffer
Compiling module xil_defaultlib.relu_output_default
Compiling module xil_defaultlib.count_stage_done
Compiling module xil_defaultlib.pw_top_default
Compiling module xil_defaultlib.wr_data_select
Compiling module xil_defaultlib.mem2_to_adder
Compiling module xil_defaultlib.adder_tree
Compiling module xil_defaultlib.stream_out
Compiling module xil_defaultlib.top
Compiling module xil_defaultlib.tb_top
Compiling module xil_defaultlib.glbl
Built simulation snapshot tb_top_behav
