Vivado Simulator v2022.2
Copyright 1986-1999, 2001-2022 Xilinx, Inc. All Rights Reserved.
Running: E:/Xilinx/Vivado/2022.2/bin/unwrapped/win64.o/xelab.exe --incr --debug typical --relax --mt 2 -L xil_defaultlib -L unisims_ver -L unimacro_ver -L secureip --snapshot tb_top_behav xil_defaultlib.tb_top xil_defaultlib.glbl -log elaborate.log 
Using 2 slave threads.
Starting static elaboration
Pass Through NonSizing Optimizer
WARNING: [VRFC 10-3091] actual bit length 15 differs from formal bit length 60 for port 'o_addr1' [E:/A_Verilog_DA/Stega_Hybrid/Stega_Hybrid.srcs/sources_1/new/top.v:227]
WARNING: [VRFC 10-3091] actual bit length 15 differs from formal bit length 62 for port 'o_addr2' [E:/A_Verilog_DA/Stega_Hybrid/Stega_Hybrid.srcs/sources_1/new/top.v:228]
WARNING: [VRFC 10-3091] actual bit length 15 differs from formal bit length 64 for port 'o_addr3' [E:/A_Verilog_DA/Stega_Hybrid/Stega_Hybrid.srcs/sources_1/new/top.v:229]
WARNING: [VRFC 10-3091] actual bit length 15 differs from formal bit length 58 for port 'o_addr4' [E:/A_Verilog_DA/Stega_Hybrid/Stega_Hybrid.srcs/sources_1/new/top.v:230]
WARNING: [VRFC 10-3091] actual bit length 10 differs from formal bit length 6 for port 'i_wr_addr' [E:/A_Verilog_DA/Stega_Hybrid/Stega_Hybrid.srcs/sources_1/new/top.v:283]
WARNING: [VRFC 10-3091] actual bit length 16 differs from formal bit length 1 for port 'i_rd_enb' [E:/A_Verilog_DA/Stega_Hybrid/Stega_Hybrid.srcs/sources_1/new/top.v:287]
WARNING: [VRFC 10-3091] actual bit length 6 differs from formal bit length 1 for port 'o_data_vld_all' [E:/A_Verilog_DA/Stega_Hybrid/Stega_Hybrid.srcs/sources_1/new/top.v:289]
WARNING: [VRFC 10-3091] actual bit length 2 differs from formal bit length 3 for port 'i_mem_rd_swapping' [E:/A_Verilog_DA/Stega_Hybrid/Stega_Hybrid.srcs/sources_1/new/top.v:303]
WARNING: [VRFC 10-3091] actual bit length 6 differs from formal bit length 1 for port 'i_mem_img_vld' [E:/A_Verilog_DA/Stega_Hybrid/Stega_Hybrid.srcs/sources_1/new/top.v:470]
WARNING: [VRFC 10-3091] actual bit length 512 differs from formal bit length 513 for port 'i_mem_1_data' [E:/A_Verilog_DA/Stega_Hybrid/Stega_Hybrid.srcs/sources_1/new/top.v:472]
WARNING: [VRFC 10-3091] actual bit length 512 differs from formal bit length 513 for port 'i_mem_2_data' [E:/A_Verilog_DA/Stega_Hybrid/Stega_Hybrid.srcs/sources_1/new/top.v:473]
WARNING: [VRFC 10-3091] actual bit length 512 differs from formal bit length 513 for port 'i_mem_3_data' [E:/A_Verilog_DA/Stega_Hybrid/Stega_Hybrid.srcs/sources_1/new/top.v:474]
WARNING: [VRFC 10-3091] actual bit length 512 differs from formal bit length 513 for port 'i_mem_4_data' [E:/A_Verilog_DA/Stega_Hybrid/Stega_Hybrid.srcs/sources_1/new/top.v:475]
WARNING: [VRFC 10-3091] actual bit length 512 differs from formal bit length 513 for port 'i_mem_5_data' [E:/A_Verilog_DA/Stega_Hybrid/Stega_Hybrid.srcs/sources_1/new/top.v:476]
WARNING: [VRFC 10-3091] actual bit length 6 differs from formal bit length 1 for port 'i_mem_img_vld' [E:/A_Verilog_DA/Stega_Hybrid/Stega_Hybrid.srcs/sources_1/new/top.v:493]
WARNING: [VRFC 10-3091] actual bit length 512 differs from formal bit length 513 for port 'i_mem_1_data' [E:/A_Verilog_DA/Stega_Hybrid/Stega_Hybrid.srcs/sources_1/new/top.v:495]
WARNING: [VRFC 10-3091] actual bit length 512 differs from formal bit length 513 for port 'i_mem_2_data' [E:/A_Verilog_DA/Stega_Hybrid/Stega_Hybrid.srcs/sources_1/new/top.v:496]
WARNING: [VRFC 10-3091] actual bit length 512 differs from formal bit length 513 for port 'i_mem_3_data' [E:/A_Verilog_DA/Stega_Hybrid/Stega_Hybrid.srcs/sources_1/new/top.v:497]
WARNING: [VRFC 10-3091] actual bit length 512 differs from formal bit length 513 for port 'i_mem_4_data' [E:/A_Verilog_DA/Stega_Hybrid/Stega_Hybrid.srcs/sources_1/new/top.v:498]
WARNING: [VRFC 10-3091] actual bit length 512 differs from formal bit length 513 for port 'i_mem_5_data' [E:/A_Verilog_DA/Stega_Hybrid/Stega_Hybrid.srcs/sources_1/new/top.v:499]
WARNING: [VRFC 10-3091] actual bit length 1 differs from formal bit length 17 for port 'o_mem_rd_enb' [E:/A_Verilog_DA/Stega_Hybrid/Stega_Hybrid.srcs/sources_1/new/top.v:543]
WARNING: [VRFC 10-3091] actual bit length 8 differs from formal bit length 14 for port 'o_dweight_rd_addr' [E:/A_Verilog_DA/Stega_Hybrid/Stega_Hybrid.srcs/sources_1/new/top.v:568]
WARNING: [VRFC 10-3091] actual bit length 10 differs from formal bit length 14 for port 'o_pweight_rd_addr' [E:/A_Verilog_DA/Stega_Hybrid/Stega_Hybrid.srcs/sources_1/new/top.v:570]
WARNING: [VRFC 10-3091] actual bit length 16 differs from formal bit length 1 for port 'o_bias_ena' [E:/A_Verilog_DA/Stega_Hybrid/Stega_Hybrid.srcs/sources_1/new/top.v:573]
WARNING: [VRFC 10-3091] actual bit length 1 differs from formal bit length 512 for port 'i_computed_data' [E:/A_Verilog_DA/Stega_Hybrid/Stega_Hybrid.srcs/sources_1/new/top.v:631]
WARNING: [VRFC 10-3091] actual bit length 1 differs from formal bit length 4 for port 'i_stage' [E:/A_Verilog_DA/Stega_Hybrid/Stega_Hybrid.srcs/sources_1/new/top.v:633]
Completed static elaboration
Starting simulation data flow analysis
Completed simulation data flow analysis
Time Resolution for simulation is 1ps
Compiling module xil_defaultlib.receptor(ADDR_W=64)
Compiling module xil_defaultlib.depth_inst
Compiling module xil_defaultlib.depth_mem(LATENCY=1)
Compiling module xil_defaultlib.point_inst
Compiling module xil_defaultlib.point_mem(LATENCY=1)
Compiling module xil_defaultlib.point_inst(ADDR_W=6,DATA_W=16,RA...
Compiling module xil_defaultlib.point_mem(ADDR_W=6,DATA_W=16,LAT...
Compiling module xil_defaultlib.rd_select
Compiling module xil_defaultlib.mem_img_default
Compiling module xil_defaultlib.mem_inst
Compiling module xil_defaultlib.mem_banks_inst_default
Compiling module xil_defaultlib.mem_banks_inst(NUM_BANKS=8)
Compiling module xil_defaultlib.data_select0
Compiling module xil_defaultlib.data_select1
Compiling module xil_defaultlib.rd_fsm_control_default
Compiling module xil_defaultlib.weight_bias_control
Compiling module xil_defaultlib.line_buffer
Compiling module xil_defaultlib.fsm_line_buffer_default
Compiling module xil_defaultlib.wr_fsm_control
Compiling module xil_defaultlib.top
Compiling module xil_defaultlib.tb_top
Compiling module xil_defaultlib.glbl
Built simulation snapshot tb_top_behav
