Copyright 1986-2022 Xilinx, Inc. All Rights Reserved.
---------------------------------------------------------------------------------------------------
| Tool Version : Vivado v.2022.2 (win64) Build 3671981 Fri Oct 14 05:00:03 MDT 2022
| Date         : Thu Apr 16 01:44:38 2026
| Host         : LAPTOP-92N761HV running 64-bit major release  (build 9200)
| Command      : report_utilization -file top_utilization_placed.rpt -pb top_utilization_placed.pb
| Design       : top
| Device       : xck26-sfvc784-2LV-c
| Speed File   : -2LV
| Design State : Fully Placed
---------------------------------------------------------------------------------------------------

Utilization Design Information

Table of Contents
-----------------
1. CLB Logic
1.1 Summary of Registers by Type
2. CLB Logic Distribution
3. BLOCKRAM
4. ARITHMETIC
5. I/O
6. CLOCK
7. ADVANCED
8. CONFIGURATION
9. Primitives
10. Black Boxes
11. Instantiated Netlists

1. CLB Logic
------------

+----------------------------+-------+-------+------------+-----------+-------+
|          Site Type         |  Used | Fixed | Prohibited | Available | Util% |
+----------------------------+-------+-------+------------+-----------+-------+
| CLB LUTs                   | 88018 |     0 |          0 |    117120 | 75.15 |
|   LUT as Logic             | 52152 |     0 |          0 |    117120 | 44.53 |
|   LUT as Memory            | 35866 |     0 |          0 |     57600 | 62.27 |
|     LUT as Distributed RAM | 35840 |     0 |            |           |       |
|     LUT as Shift Register  |    26 |     0 |            |           |       |
| CLB Registers              | 45885 |     0 |          0 |    234240 | 19.59 |
|   Register as Flip Flop    | 45885 |     0 |          0 |    234240 | 19.59 |
|   Register as Latch        |     0 |     0 |          0 |    234240 |  0.00 |
| CARRY8                     |  4273 |     0 |          0 |     14640 | 29.19 |
| F7 Muxes                   |     0 |     0 |          0 |     58560 |  0.00 |
| F8 Muxes                   |     0 |     0 |          0 |     29280 |  0.00 |
| F9 Muxes                   |     0 |     0 |          0 |     14640 |  0.00 |
+----------------------------+-------+-------+------------+-----------+-------+
* Warning! LUT value is adjusted to account for LUT combining.


1.1 Summary of Registers by Type
--------------------------------

+-------+--------------+-------------+--------------+
| Total | Clock Enable | Synchronous | Asynchronous |
+-------+--------------+-------------+--------------+
| 0     |            _ |           - |            - |
| 0     |            _ |           - |          Set |
| 0     |            _ |           - |        Reset |
| 0     |            _ |         Set |            - |
| 0     |            _ |       Reset |            - |
| 0     |          Yes |           - |            - |
| 0     |          Yes |           - |          Set |
| 351   |          Yes |           - |        Reset |
| 489   |          Yes |         Set |            - |
| 45045 |          Yes |       Reset |            - |
+-------+--------------+-------------+--------------+


2. CLB Logic Distribution
-------------------------

+--------------------------------------------+-------+-------+------------+-----------+-------+
|                  Site Type                 |  Used | Fixed | Prohibited | Available | Util% |
+--------------------------------------------+-------+-------+------------+-----------+-------+
| CLB                                        | 13143 |     0 |          0 |     14640 | 89.77 |
|   CLBL                                     |  6346 |     0 |            |           |       |
|   CLBM                                     |  6797 |     0 |            |           |       |
| LUT as Logic                               | 52152 |     0 |          0 |    117120 | 44.53 |
|   using O5 output only                     |   501 |       |            |           |       |
|   using O6 output only                     | 45704 |       |            |           |       |
|   using O5 and O6                          |  5947 |       |            |           |       |
| LUT as Memory                              | 35866 |     0 |          0 |     57600 | 62.27 |
|   LUT as Distributed RAM                   | 35840 |     0 |            |           |       |
|     using O5 output only                   |     0 |       |            |           |       |
|     using O6 output only                   | 35840 |       |            |           |       |
|     using O5 and O6                        |     0 |       |            |           |       |
|   LUT as Shift Register                    |    26 |     0 |            |           |       |
|     using O5 output only                   |     0 |       |            |           |       |
|     using O6 output only                   |    26 |       |            |           |       |
|     using O5 and O6                        |     0 |       |            |           |       |
| CLB Registers                              | 45885 |     0 |          0 |    234240 | 19.59 |
|   Register driven from within the CLB      | 40739 |       |            |           |       |
|   Register driven from outside the CLB     |  5146 |       |            |           |       |
|     LUT in front of the register is unused |  2788 |       |            |           |       |
|     LUT in front of the register is used   |  2358 |       |            |           |       |
| Unique Control Sets                        |   385 |       |          0 |     29280 |  1.31 |
+--------------------------------------------+-------+-------+------------+-----------+-------+
* * Note: Available Control Sets calculated as Slices * 2, Review the Control Sets Report for more information regarding control sets.


3. BLOCKRAM
-----------

+-------------------+------+-------+------------+-----------+-------+
|     Site Type     | Used | Fixed | Prohibited | Available | Util% |
+-------------------+------+-------+------------+-----------+-------+
| Block RAM Tile    |   98 |     0 |          0 |       144 | 68.06 |
|   RAMB36/FIFO*    |   97 |     0 |          0 |       144 | 67.36 |
|     RAMB36E2 only |   97 |       |            |           |       |
|   RAMB18          |    2 |     0 |          0 |       288 |  0.69 |
|     RAMB18E2 only |    2 |       |            |           |       |
| URAM              |   62 |     0 |          0 |        64 | 96.88 |
+-------------------+------+-------+------------+-----------+-------+
* Note: Each Block RAM Tile only has one FIFO logic available and therefore can accommodate only one FIFO36E2 or one FIFO18E2. However, if a FIFO18E2 occupies a Block RAM Tile, that tile can still accommodate a RAMB18E2


4. ARITHMETIC
-------------

+----------------+------+-------+------------+-----------+-------+
|    Site Type   | Used | Fixed | Prohibited | Available | Util% |
+----------------+------+-------+------------+-----------+-------+
| DSPs           |  800 |     0 |          0 |      1248 | 64.10 |
|   DSP48E2 only |  800 |       |            |           |       |
+----------------+------+-------+------------+-----------+-------+


5. I/O
------

+------------------+------+-------+------------+-----------+-------+
|     Site Type    | Used | Fixed | Prohibited | Available | Util% |
+------------------+------+-------+------------+-----------+-------+
| Bonded IOB       |  134 |     0 |          0 |       189 | 70.90 |
| HPIOB_M          |   56 |     0 |          0 |        58 | 96.55 |
|   INPUT          |   34 |       |            |           |       |
|   OUTPUT         |   22 |       |            |           |       |
|   BIDIR          |    0 |       |            |           |       |
| HPIOB_S          |   55 |     0 |          0 |        58 | 94.83 |
|   INPUT          |   33 |       |            |           |       |
|   OUTPUT         |   22 |       |            |           |       |
|   BIDIR          |    0 |       |            |           |       |
| HDIOB_M          |   11 |     0 |          0 |        35 | 31.43 |
|   INPUT          |    0 |       |            |           |       |
|   OUTPUT         |   11 |       |            |           |       |
|   BIDIR          |    0 |       |            |           |       |
| HDIOB_S          |   10 |     0 |          0 |        35 | 28.57 |
|   INPUT          |    0 |       |            |           |       |
|   OUTPUT         |   10 |       |            |           |       |
|   BIDIR          |    0 |       |            |           |       |
| HPIOB_SNGL       |    2 |     0 |          0 |         3 | 66.67 |
|   INPUT          |    1 |       |            |           |       |
|   OUTPUT         |    1 |       |            |           |       |
|   BIDIR          |    0 |       |            |           |       |
| HPIOBDIFFINBUF   |    0 |     0 |          0 |        82 |  0.00 |
| HPIOBDIFFOUTBUF  |    0 |     0 |          0 |        82 |  0.00 |
| HDIOBDIFFINBUF   |    0 |     0 |          0 |        35 |  0.00 |
| BITSLICE_CONTROL |    0 |     0 |          0 |        32 |  0.00 |
| BITSLICE_RX_TX   |    0 |     0 |          0 |      1248 |  0.00 |
| BITSLICE_TX      |    0 |     0 |          0 |        32 |  0.00 |
| RIU_OR           |    0 |     0 |          0 |        16 |  0.00 |
+------------------+------+-------+------------+-----------+-------+


6. CLOCK
--------

+----------------------+------+-------+------------+-----------+-------+
|       Site Type      | Used | Fixed | Prohibited | Available | Util% |
+----------------------+------+-------+------------+-----------+-------+
| GLOBAL CLOCK BUFFERs |    2 |     0 |          0 |       352 |  0.57 |
|   BUFGCE             |    2 |     0 |          0 |       112 |  1.79 |
|   BUFGCE_DIV         |    0 |     0 |          0 |        16 |  0.00 |
|   BUFG_GT            |    0 |     0 |          0 |        96 |  0.00 |
|   BUFG_PS            |    0 |     0 |          0 |        96 |  0.00 |
|   BUFGCTRL*          |    0 |     0 |          0 |        32 |  0.00 |
| PLL                  |    0 |     0 |          0 |         8 |  0.00 |
| MMCM                 |    0 |     0 |          0 |         4 |  0.00 |
+----------------------+------+-------+------------+-----------+-------+
* Note: Each used BUFGCTRL counts as two GLOBAL CLOCK BUFFERs. This table does not include global clocking resources, only buffer cell usage. See the Clock Utilization Report (report_clock_utilization) for detailed accounting of global clocking resource availability.


7. ADVANCED
-----------

+-----------------+------+-------+------------+-----------+-------+
|    Site Type    | Used | Fixed | Prohibited | Available | Util% |
+-----------------+------+-------+------------+-----------+-------+
| GTHE4_CHANNEL   |    0 |     0 |          0 |         4 |  0.00 |
| GTHE4_COMMON    |    0 |     0 |          0 |         1 |  0.00 |
| OBUFDS_GTE4     |    0 |     0 |          0 |         2 |  0.00 |
| OBUFDS_GTE4_ADV |    0 |     0 |          0 |         2 |  0.00 |
| PCIE40E4        |    0 |     0 |          0 |         2 |  0.00 |
| PS8             |    0 |     0 |          0 |         1 |  0.00 |
| SYSMONE4        |    0 |     0 |          0 |         1 |  0.00 |
| VCU             |    0 |     0 |          0 |         1 |  0.00 |
+-----------------+------+-------+------------+-----------+-------+


8. CONFIGURATION
----------------

+-------------+------+-------+------------+-----------+-------+
|  Site Type  | Used | Fixed | Prohibited | Available | Util% |
+-------------+------+-------+------------+-----------+-------+
| BSCANE2     |    0 |     0 |          0 |         4 |  0.00 |
| DNA_PORTE2  |    0 |     0 |          0 |         1 |  0.00 |
| EFUSE_USR   |    0 |     0 |          0 |         1 |  0.00 |
| FRAME_ECCE4 |    0 |     0 |          0 |         1 |  0.00 |
| ICAPE3      |    0 |     0 |          0 |         2 |  0.00 |
| MASTER_JTAG |    0 |     0 |          0 |         1 |  0.00 |
| STARTUPE3   |    0 |     0 |          0 |         1 |  0.00 |
+-------------+------+-------+------------+-----------+-------+


9. Primitives
-------------

+----------+-------+---------------------+
| Ref Name |  Used | Functional Category |
+----------+-------+---------------------+
| FDRE     | 45045 |            Register |
| RAMD64E  | 35840 |                 CLB |
| LUT2     | 24883 |                 CLB |
| LUT6     | 17602 |                 CLB |
| LUT3     |  7082 |                 CLB |
| LUT4     |  4643 |                 CLB |
| CARRY8   |  4273 |                 CLB |
| LUT5     |  2159 |                 CLB |
| LUT1     |  1730 |                 CLB |
| DSP48E2  |   800 |          Arithmetic |
| FDSE     |   489 |            Register |
| FDCE     |   351 |            Register |
| RAMB36E2 |    97 |            BLOCKRAM |
| INBUF    |    68 |                 I/O |
| IBUFCTRL |    68 |              Others |
| OBUF     |    66 |                 I/O |
| URAM288  |    62 |            BLOCKRAM |
| SRL16E   |    26 |                 CLB |
| RAMB18E2 |     2 |            BLOCKRAM |
| BUFGCE   |     2 |               Clock |
+----------+-------+---------------------+


10. Black Boxes
---------------

+----------+------+
| Ref Name | Used |
+----------+------+


11. Instantiated Netlists
-------------------------

+----------+------+
| Ref Name | Used |
+----------+------+


