INFO: [VRFC 10-2263] Analyzing Verilog file "E:/A_Verilog_DA/Stega_Hybrid/Stega_Hybrid.sim/sim_1/impl/func/xsim/tb_top_func_impl.v" into library xil_defaultlib
INFO: [VRFC 10-311] analyzing module Depthwise_Core_Top
INFO: [VRFC 10-311] analyzing module Depthwise_Core_Top__1
INFO: [VRFC 10-311] analyzing module MAC_9DSP
INFO: [VRFC 10-311] analyzing module MAC_9DSP_112
INFO: [VRFC 10-311] analyzing module MAC_9DSP_114
INFO: [VRFC 10-311] analyzing module MAC_9DSP_116
INFO: [VRFC 10-311] analyzing module MAC_9DSP_118
INFO: [VRFC 10-311] analyzing module MAC_9DSP_120
INFO: [VRFC 10-311] analyzing module MAC_9DSP_122
INFO: [VRFC 10-311] analyzing module MAC_9DSP_124
INFO: [VRFC 10-311] analyzing module MAC_9DSP_126
INFO: [VRFC 10-311] analyzing module MAC_9DSP_128
INFO: [VRFC 10-311] analyzing module MAC_9DSP_130
INFO: [VRFC 10-311] analyzing module MAC_9DSP_132
INFO: [VRFC 10-311] analyzing module MAC_9DSP_134
INFO: [VRFC 10-311] analyzing module MAC_9DSP_136
INFO: [VRFC 10-311] analyzing module MAC_9DSP_138
INFO: [VRFC 10-311] analyzing module MAC_9DSP_140
INFO: [VRFC 10-311] analyzing module MAC_9DSP_142
INFO: [VRFC 10-311] analyzing module MAC_9DSP_144
INFO: [VRFC 10-311] analyzing module MAC_9DSP_146
INFO: [VRFC 10-311] analyzing module MAC_9DSP_148
INFO: [VRFC 10-311] analyzing module MAC_9DSP_150
INFO: [VRFC 10-311] analyzing module MAC_9DSP_152
INFO: [VRFC 10-311] analyzing module MAC_9DSP_154
INFO: [VRFC 10-311] analyzing module MAC_9DSP_156
INFO: [VRFC 10-311] analyzing module MAC_9DSP_158
INFO: [VRFC 10-311] analyzing module MAC_9DSP_160
INFO: [VRFC 10-311] analyzing module MAC_9DSP_162
INFO: [VRFC 10-311] analyzing module MAC_9DSP_164
INFO: [VRFC 10-311] analyzing module MAC_9DSP_166
INFO: [VRFC 10-311] analyzing module MAC_9DSP_168
INFO: [VRFC 10-311] analyzing module MAC_9DSP_170
INFO: [VRFC 10-311] analyzing module MAC_9DSP_172
INFO: [VRFC 10-311] analyzing module Post_Processor
INFO: [VRFC 10-311] analyzing module Post_Processor_113
INFO: [VRFC 10-311] analyzing module Post_Processor_115
INFO: [VRFC 10-311] analyzing module Post_Processor_117
INFO: [VRFC 10-311] analyzing module Post_Processor_119
INFO: [VRFC 10-311] analyzing module Post_Processor_121
INFO: [VRFC 10-311] analyzing module Post_Processor_123
INFO: [VRFC 10-311] analyzing module Post_Processor_125
INFO: [VRFC 10-311] analyzing module Post_Processor_127
INFO: [VRFC 10-311] analyzing module Post_Processor_129
INFO: [VRFC 10-311] analyzing module Post_Processor_131
INFO: [VRFC 10-311] analyzing module Post_Processor_133
INFO: [VRFC 10-311] analyzing module Post_Processor_135
INFO: [VRFC 10-311] analyzing module Post_Processor_137
INFO: [VRFC 10-311] analyzing module Post_Processor_139
INFO: [VRFC 10-311] analyzing module Post_Processor_141
INFO: [VRFC 10-311] analyzing module Post_Processor_143
INFO: [VRFC 10-311] analyzing module Post_Processor_145
INFO: [VRFC 10-311] analyzing module Post_Processor_147
INFO: [VRFC 10-311] analyzing module Post_Processor_149
INFO: [VRFC 10-311] analyzing module Post_Processor_151
INFO: [VRFC 10-311] analyzing module Post_Processor_153
INFO: [VRFC 10-311] analyzing module Post_Processor_155
INFO: [VRFC 10-311] analyzing module Post_Processor_157
INFO: [VRFC 10-311] analyzing module Post_Processor_159
INFO: [VRFC 10-311] analyzing module Post_Processor_161
INFO: [VRFC 10-311] analyzing module Post_Processor_163
INFO: [VRFC 10-311] analyzing module Post_Processor_165
INFO: [VRFC 10-311] analyzing module Post_Processor_167
INFO: [VRFC 10-311] analyzing module Post_Processor_169
INFO: [VRFC 10-311] analyzing module Post_Processor_171
INFO: [VRFC 10-311] analyzing module Post_Processor_173
INFO: [VRFC 10-311] analyzing module adder_tree
INFO: [VRFC 10-311] analyzing module depth_inst
INFO: [VRFC 10-311] analyzing module depth_inst_100
INFO: [VRFC 10-311] analyzing module depth_inst_101
INFO: [VRFC 10-311] analyzing module depth_inst_102
INFO: [VRFC 10-311] analyzing module depth_inst_103
INFO: [VRFC 10-311] analyzing module depth_inst_104
INFO: [VRFC 10-311] analyzing module depth_inst_105
INFO: [VRFC 10-311] analyzing module depth_inst_106
INFO: [VRFC 10-311] analyzing module depth_inst_99
INFO: [VRFC 10-311] analyzing module depth_mem
INFO: [VRFC 10-311] analyzing module fsm_line_buffer
INFO: [VRFC 10-311] analyzing module fsm_line_buffer_4
INFO: [VRFC 10-311] analyzing module line_buffer
INFO: [VRFC 10-311] analyzing module line_buffer_10
INFO: [VRFC 10-311] analyzing module line_buffer_11
INFO: [VRFC 10-311] analyzing module line_buffer_12
INFO: [VRFC 10-311] analyzing module line_buffer_13
INFO: [VRFC 10-311] analyzing module line_buffer_5
INFO: [VRFC 10-311] analyzing module line_buffer_6
INFO: [VRFC 10-311] analyzing module line_buffer_7
INFO: [VRFC 10-311] analyzing module line_buffer_8
INFO: [VRFC 10-311] analyzing module line_buffer_9
INFO: [VRFC 10-311] analyzing module mem2_to_adder
INFO: [VRFC 10-311] analyzing module mem_banks_inst
INFO: [VRFC 10-311] analyzing module mem_banks_inst__parameterized0
INFO: [VRFC 10-311] analyzing module mem_banks_inst__parameterized0_0
INFO: [VRFC 10-311] analyzing module mem_banks_inst__parameterized0_1
INFO: [VRFC 10-311] analyzing module mem_banks_inst__parameterized0_2
INFO: [VRFC 10-311] analyzing module mem_banks_inst__parameterized0_3
INFO: [VRFC 10-311] analyzing module mem_img
INFO: [VRFC 10-311] analyzing module mem_inst
INFO: [VRFC 10-311] analyzing module mem_inst_14
INFO: [VRFC 10-311] analyzing module mem_inst_15
INFO: [VRFC 10-311] analyzing module mem_inst_16
INFO: [VRFC 10-311] analyzing module mem_inst_17
INFO: [VRFC 10-311] analyzing module mem_inst_18
INFO: [VRFC 10-311] analyzing module mem_inst_19
INFO: [VRFC 10-311] analyzing module mem_inst_20
INFO: [VRFC 10-311] analyzing module mem_inst_21
INFO: [VRFC 10-311] analyzing module mem_inst_22
INFO: [VRFC 10-311] analyzing module mem_inst_23
INFO: [VRFC 10-311] analyzing module mem_inst_24
INFO: [VRFC 10-311] analyzing module mem_inst_25
INFO: [VRFC 10-311] analyzing module mem_inst_26
INFO: [VRFC 10-311] analyzing module mem_inst_27
INFO: [VRFC 10-311] analyzing module mem_inst_28
INFO: [VRFC 10-311] analyzing module mem_inst_29
INFO: [VRFC 10-311] analyzing module mem_inst_30
INFO: [VRFC 10-311] analyzing module mem_inst_31
INFO: [VRFC 10-311] analyzing module mem_inst_32
INFO: [VRFC 10-311] analyzing module mem_inst_33
INFO: [VRFC 10-311] analyzing module mem_inst_34
INFO: [VRFC 10-311] analyzing module mem_inst_35
INFO: [VRFC 10-311] analyzing module mem_inst_36
INFO: [VRFC 10-311] analyzing module mem_inst_37
INFO: [VRFC 10-311] analyzing module mem_inst_38
INFO: [VRFC 10-311] analyzing module mem_inst_39
INFO: [VRFC 10-311] analyzing module mem_inst_40
INFO: [VRFC 10-311] analyzing module mem_inst_41
INFO: [VRFC 10-311] analyzing module mem_inst_42
INFO: [VRFC 10-311] analyzing module mem_inst_43
INFO: [VRFC 10-311] analyzing module mem_inst_44
INFO: [VRFC 10-311] analyzing module mem_inst_45
INFO: [VRFC 10-311] analyzing module mem_inst_46
INFO: [VRFC 10-311] analyzing module mem_inst_47
INFO: [VRFC 10-311] analyzing module mem_inst_48
INFO: [VRFC 10-311] analyzing module mem_inst_49
INFO: [VRFC 10-311] analyzing module mem_inst_50
INFO: [VRFC 10-311] analyzing module mem_inst_51
INFO: [VRFC 10-311] analyzing module mem_inst_52
INFO: [VRFC 10-311] analyzing module mem_inst_53
INFO: [VRFC 10-311] analyzing module mem_inst_54
INFO: [VRFC 10-311] analyzing module mem_inst_55
INFO: [VRFC 10-311] analyzing module mem_inst_56
INFO: [VRFC 10-311] analyzing module mem_inst_57
INFO: [VRFC 10-311] analyzing module mem_inst_58
INFO: [VRFC 10-311] analyzing module mem_inst_59
INFO: [VRFC 10-311] analyzing module mem_inst_60
INFO: [VRFC 10-311] analyzing module mem_inst_61
INFO: [VRFC 10-311] analyzing module mem_inst_62
INFO: [VRFC 10-311] analyzing module mem_inst_63
INFO: [VRFC 10-311] analyzing module mem_inst_64
INFO: [VRFC 10-311] analyzing module mem_inst_65
INFO: [VRFC 10-311] analyzing module mem_inst_66
INFO: [VRFC 10-311] analyzing module mem_inst_67
INFO: [VRFC 10-311] analyzing module mem_inst_68
INFO: [VRFC 10-311] analyzing module mux_mode
INFO: [VRFC 10-311] analyzing module point_inst
INFO: [VRFC 10-311] analyzing module point_inst_84
INFO: [VRFC 10-311] analyzing module point_inst_85
INFO: [VRFC 10-311] analyzing module point_inst_86
INFO: [VRFC 10-311] analyzing module point_inst_87
INFO: [VRFC 10-311] analyzing module point_inst_88
INFO: [VRFC 10-311] analyzing module point_inst_89
INFO: [VRFC 10-311] analyzing module point_inst_90
INFO: [VRFC 10-311] analyzing module point_inst_91
INFO: [VRFC 10-311] analyzing module point_inst_92
INFO: [VRFC 10-311] analyzing module point_inst_93
INFO: [VRFC 10-311] analyzing module point_inst_94
INFO: [VRFC 10-311] analyzing module point_inst_95
INFO: [VRFC 10-311] analyzing module point_inst_96
INFO: [VRFC 10-311] analyzing module point_inst_97
INFO: [VRFC 10-311] analyzing module point_inst_98
INFO: [VRFC 10-311] analyzing module point_inst__parameterized0
INFO: [VRFC 10-311] analyzing module point_inst__parameterized0_69
INFO: [VRFC 10-311] analyzing module point_inst__parameterized0_70
INFO: [VRFC 10-311] analyzing module point_inst__parameterized0_71
INFO: [VRFC 10-311] analyzing module point_inst__parameterized0_72
INFO: [VRFC 10-311] analyzing module point_inst__parameterized0_73
INFO: [VRFC 10-311] analyzing module point_inst__parameterized0_74
INFO: [VRFC 10-311] analyzing module point_inst__parameterized0_75
INFO: [VRFC 10-311] analyzing module point_inst__parameterized0_76
INFO: [VRFC 10-311] analyzing module point_inst__parameterized0_77
INFO: [VRFC 10-311] analyzing module point_inst__parameterized0_78
INFO: [VRFC 10-311] analyzing module point_inst__parameterized0_79
INFO: [VRFC 10-311] analyzing module point_inst__parameterized0_80
INFO: [VRFC 10-311] analyzing module point_inst__parameterized0_81
INFO: [VRFC 10-311] analyzing module point_inst__parameterized0_82
INFO: [VRFC 10-311] analyzing module point_inst__parameterized0_83
INFO: [VRFC 10-311] analyzing module point_mem
INFO: [VRFC 10-311] analyzing module point_mem__parameterized0
INFO: [VRFC 10-311] analyzing module psum_adder_pw
INFO: [VRFC 10-311] analyzing module psum_adder_pw_107
INFO: [VRFC 10-311] analyzing module psum_fifo
INFO: [VRFC 10-311] analyzing module psum_fifo_108
INFO: [VRFC 10-311] analyzing module pw0_pw1_adder
INFO: [VRFC 10-311] analyzing module pw_mac
INFO: [VRFC 10-311] analyzing module pw_mac_109
INFO: [VRFC 10-311] analyzing module pw_top
INFO: [VRFC 10-311] analyzing module rd_fsm_control
INFO: [VRFC 10-311] analyzing module receptor
INFO: [VRFC 10-311] analyzing module relu_output
INFO: [VRFC 10-311] analyzing module relu_output_110
INFO: [VRFC 10-311] analyzing module stega_mem_interface
INFO: [VRFC 10-311] analyzing module top
INFO: [VRFC 10-311] analyzing module weight_bias_control
INFO: [VRFC 10-311] analyzing module weight_buffer
INFO: [VRFC 10-311] analyzing module weight_buffer_111
INFO: [VRFC 10-311] analyzing module wr_fsm_control
INFO: [VRFC 10-311] analyzing module glbl
INFO: [VRFC 10-2263] Analyzing Verilog file "E:/A_Verilog_DA/Stega_Hybrid/Stega_Hybrid.srcs/sources_1/new/tb_top.v" into library xil_defaultlib
INFO: [VRFC 10-311] analyzing module tb_top
ERROR: [VRFC 10-8414] extra comma in port association list is not allowed [E:/A_Verilog_DA/Stega_Hybrid/Stega_Hybrid.srcs/sources_1/new/tb_top.v:303]
ERROR: [VRFC 10-2989] 'top_lb_kernel_vld_0' is not declared [E:/A_Verilog_DA/Stega_Hybrid/Stega_Hybrid.srcs/sources_1/new/tb_top.v:396]
ERROR: [VRFC 10-2989] 'top_lb_kernel_0' is not declared [E:/A_Verilog_DA/Stega_Hybrid/Stega_Hybrid.srcs/sources_1/new/tb_top.v:399]
ERROR: [VRFC 10-2989] 'top_lb_kernel_0' is not declared [E:/A_Verilog_DA/Stega_Hybrid/Stega_Hybrid.srcs/sources_1/new/tb_top.v:408]
ERROR: [VRFC 10-8530] module 'tb_top' is ignored due to previous errors [E:/A_Verilog_DA/Stega_Hybrid/Stega_Hybrid.srcs/sources_1/new/tb_top.v:237]
