INFO: [VRFC 10-2263] Analyzing Verilog file "E:/A_IP_Stega/IP_Stega/IP_Stega.srcs/sources_1/new/adder_tree.v" into library xil_defaultlib
INFO: [VRFC 10-311] analyzing module adder_tree
INFO: [VRFC 10-2263] Analyzing Verilog file "E:/A_IP_Stega/IP_Stega/IP_Stega.srcs/sources_1/new/bias_buffer.v" into library xil_defaultlib
INFO: [VRFC 10-311] analyzing module bias_buffer
INFO: [VRFC 10-2263] Analyzing Verilog file "E:/A_IP_Stega/IP_Stega/IP_Stega.srcs/sources_1/new/count_stage_done.v" into library xil_defaultlib
INFO: [VRFC 10-311] analyzing module count_stage_done
INFO: [VRFC 10-2263] Analyzing Verilog file "E:/A_IP_Stega/IP_Stega/IP_Stega.srcs/sources_1/new/data_select.v" into library xil_defaultlib
INFO: [VRFC 10-311] analyzing module data_select0
INFO: [VRFC 10-311] analyzing module data_select1
INFO: [VRFC 10-2263] Analyzing Verilog file "E:/A_IP_Stega/IP_Stega/IP_Stega.srcs/sources_1/new/depth_inst.v" into library xil_defaultlib
INFO: [VRFC 10-311] analyzing module depth_inst
INFO: [VRFC 10-2263] Analyzing Verilog file "E:/A_IP_Stega/IP_Stega/IP_Stega.srcs/sources_1/new/depth_mem.v" into library xil_defaultlib
INFO: [VRFC 10-311] analyzing module depth_mem
INFO: [VRFC 10-2263] Analyzing Verilog file "E:/A_IP_Stega/IP_Stega/IP_Stega.srcs/sources_1/new/depthwise_core_top.v" into library xil_defaultlib
INFO: [VRFC 10-311] analyzing module Depthwise_Core_Top
INFO: [VRFC 10-2263] Analyzing Verilog file "E:/A_IP_Stega/IP_Stega/IP_Stega.srcs/sources_1/new/fsm_control.v" into library xil_defaultlib
INFO: [VRFC 10-311] analyzing module rd_fsm_control
INFO: [VRFC 10-2263] Analyzing Verilog file "E:/A_IP_Stega/IP_Stega/IP_Stega.srcs/sources_1/new/fsm_line_buffer.v" into library xil_defaultlib
INFO: [VRFC 10-311] analyzing module fsm_line_buffer
INFO: [VRFC 10-2263] Analyzing Verilog file "E:/A_IP_Stega/IP_Stega/IP_Stega.srcs/sources_1/new/input_selection.v" into library xil_defaultlib
INFO: [VRFC 10-311] analyzing module wr_fsm_control
INFO: [VRFC 10-2263] Analyzing Verilog file "E:/A_IP_Stega/IP_Stega/IP_Stega.srcs/sources_1/new/line_buffer.v" into library xil_defaultlib
INFO: [VRFC 10-311] analyzing module line_buffer
INFO: [VRFC 10-2263] Analyzing Verilog file "E:/A_IP_Stega/IP_Stega/IP_Stega.srcs/sources_1/new/mac_9dsp.v" into library xil_defaultlib
INFO: [VRFC 10-311] analyzing module MAC_9DSP
INFO: [VRFC 10-2263] Analyzing Verilog file "E:/A_IP_Stega/IP_Stega/IP_Stega.srcs/sources_1/new/mem_banks_inst.v" into library xil_defaultlib
INFO: [VRFC 10-311] analyzing module mem_banks_inst
INFO: [VRFC 10-2263] Analyzing Verilog file "E:/A_IP_Stega/IP_Stega/IP_Stega.srcs/sources_1/new/mem_img.v" into library xil_defaultlib
INFO: [VRFC 10-311] analyzing module mem_img
INFO: [VRFC 10-2263] Analyzing Verilog file "E:/A_IP_Stega/IP_Stega/IP_Stega.srcs/sources_1/new/mem_inst.v" into library xil_defaultlib
INFO: [VRFC 10-311] analyzing module mem_inst
INFO: [VRFC 10-2263] Analyzing Verilog file "E:/A_IP_Stega/IP_Stega/IP_Stega.srcs/sources_1/new/mem_stega.v" into library xil_defaultlib
INFO: [VRFC 10-311] analyzing module stega_mem_interface
INFO: [VRFC 10-311] analyzing module mux_mem1
INFO: [VRFC 10-2263] Analyzing Verilog file "E:/A_IP_Stega/IP_Stega/IP_Stega.srcs/sources_1/new/point_inst.v" into library xil_defaultlib
INFO: [VRFC 10-311] analyzing module point_inst
INFO: [VRFC 10-2263] Analyzing Verilog file "E:/A_IP_Stega/IP_Stega/IP_Stega.srcs/sources_1/new/point_mem.v" into library xil_defaultlib
INFO: [VRFC 10-311] analyzing module point_mem
INFO: [VRFC 10-2263] Analyzing Verilog file "E:/A_IP_Stega/IP_Stega/IP_Stega.srcs/sources_1/new/post_processor.v" into library xil_defaultlib
INFO: [VRFC 10-311] analyzing module Post_Processor
INFO: [VRFC 10-2263] Analyzing Verilog file "E:/A_IP_Stega/IP_Stega/IP_Stega.srcs/sources_1/new/psum_adder.v" into library xil_defaultlib
INFO: [VRFC 10-311] analyzing module psum_adder_pw
INFO: [VRFC 10-2263] Analyzing Verilog file "E:/A_IP_Stega/IP_Stega/IP_Stega.srcs/sources_1/new/psum_fifo.v" into library xil_defaultlib
INFO: [VRFC 10-311] analyzing module psum_fifo
INFO: [VRFC 10-2263] Analyzing Verilog file "E:/A_IP_Stega/IP_Stega/IP_Stega.srcs/sources_1/new/pw0_pw1_adder.v" into library xil_defaultlib
INFO: [VRFC 10-311] analyzing module pw0_pw1_adder
INFO: [VRFC 10-2263] Analyzing Verilog file "E:/A_IP_Stega/IP_Stega/IP_Stega.srcs/sources_1/new/pw_mac.v" into library xil_defaultlib
INFO: [VRFC 10-311] analyzing module pw_mac
INFO: [VRFC 10-2263] Analyzing Verilog file "E:/A_IP_Stega/IP_Stega/IP_Stega.srcs/sources_1/new/pw_top.v" into library xil_defaultlib
INFO: [VRFC 10-311] analyzing module pw_top
INFO: [VRFC 10-2263] Analyzing Verilog file "E:/A_IP_Stega/IP_Stega/IP_Stega.srcs/sources_1/new/rd_select.v" into library xil_defaultlib
INFO: [VRFC 10-311] analyzing module rd_select
INFO: [VRFC 10-2263] Analyzing Verilog file "E:/A_IP_Stega/IP_Stega/IP_Stega.srcs/sources_1/new/receptor.v" into library xil_defaultlib
INFO: [VRFC 10-311] analyzing module receptor
INFO: [VRFC 10-2263] Analyzing Verilog file "E:/A_IP_Stega/IP_Stega/IP_Stega.srcs/sources_1/new/relu_output.v" into library xil_defaultlib
INFO: [VRFC 10-311] analyzing module relu_output
INFO: [VRFC 10-2263] Analyzing Verilog file "E:/A_IP_Stega/IP_Stega/IP_Stega.srcs/sources_1/new/top.v" into library xil_defaultlib
INFO: [VRFC 10-311] analyzing module top
INFO: [VRFC 10-311] analyzing module mux_mode
INFO: [VRFC 10-2263] Analyzing Verilog file "E:/A_IP_Stega/IP_Stega/IP_Stega.srcs/sources_1/new/weight_bias_control.v" into library xil_defaultlib
INFO: [VRFC 10-311] analyzing module weight_bias_control
INFO: [VRFC 10-2263] Analyzing Verilog file "E:/A_IP_Stega/IP_Stega/IP_Stega.srcs/sources_1/new/weight_buffer.v" into library xil_defaultlib
INFO: [VRFC 10-311] analyzing module weight_buffer
INFO: [VRFC 10-2263] Analyzing Verilog file "E:/A_IP_Stega/IP_Stega/IP_Stega.srcs/sources_1/new/wr_data_select.v" into library xil_defaultlib
INFO: [VRFC 10-311] analyzing module wr_data_select
INFO: [VRFC 10-311] analyzing module stream_out
INFO: [VRFC 10-311] analyzing module mem2_to_adder
INFO: [VRFC 10-2263] Analyzing Verilog file "E:/A_IP_Stega/IP_Stega/IP_Stega.srcs/sim_1/new/tb_top.v" into library xil_defaultlib
INFO: [VRFC 10-311] analyzing module tb_top
