Copyright 1986-2022 Xilinx, Inc. All Rights Reserved. Copyright 2022-2024 Advanced Micro Devices, Inc. All Rights Reserved.
---------------------------------------------------------------------------------------------------------------------------------------------
| Tool Version : Vivado v.2024.2 (win64) Build 5239630 Fri Nov 08 22:35:27 MST 2024
| Date         : Sun Apr 12 16:37:22 2026
| Host         : DESKTOP-CP36ASO running 64-bit major release  (build 9200)
| Command      : report_control_sets -verbose -file Depthwise_Core_Top_control_sets_placed.rpt
| Design       : Depthwise_Core_Top
| Device       : xck26
---------------------------------------------------------------------------------------------------------------------------------------------

Control Set Information

Table of Contents
-----------------
1. Summary
2. Histogram
3. Flip-Flop Distribution
4. Detailed Control Set Information

1. Summary
----------

+----------------------------------------------------------+-------+
|                          Status                          | Count |
+----------------------------------------------------------+-------+
| Total control sets                                       |    46 |
|    Minimum number of control sets                        |    22 |
|    Addition due to synthesis replication                 |     0 |
|    Addition due to physical synthesis replication        |    24 |
| Unused register locations in slices containing registers |    48 |
+----------------------------------------------------------+-------+
* Control sets can be merged at opt_design using control_set_merge or merge_equivalent_drivers
** Run report_qor_suggestions for automated merging and remapping suggestions


2. Histogram
------------

+--------------------+-------+
|       Fanout       | Count |
+--------------------+-------+
| Total control sets |    46 |
| >= 0 to < 4        |     1 |
| >= 4 to < 6        |     0 |
| >= 6 to < 8        |     0 |
| >= 8 to < 10       |     0 |
| >= 10 to < 12      |     0 |
| >= 12 to < 14      |     0 |
| >= 14 to < 16      |     0 |
| >= 16              |    45 |
+--------------------+-------+
* Control sets can be remapped at either synth_design or opt_design


3. Flip-Flop Distribution
-------------------------

+--------------+-----------------------+------------------------+-----------------+--------------+
| Clock Enable | Synchronous Set/Reset | Asynchronous Set/Reset | Total Registers | Total Slices |
+--------------+-----------------------+------------------------+-----------------+--------------+
| No           | No                    | No                     |               0 |            0 |
| No           | No                    | Yes                    |               0 |            0 |
| No           | Yes                   | No                     |              64 |           45 |
| Yes          | No                    | No                     |            5088 |          726 |
| Yes          | No                    | Yes                    |               0 |            0 |
| Yes          | Yes                   | No                     |             256 |           57 |
+--------------+-----------------------+------------------------+-----------------+--------------+


4. Detailed Control Set Information
-----------------------------------

+--------------+-------------------+-----------------------------------------------+------------------+----------------+--------------+
| Clock Signal |   Enable Signal   |                Set/Reset Signal               | Slice Load Count | Bel Load Count | Bels / Slice |
+--------------+-------------------+-----------------------------------------------+------------------+----------------+--------------+
|  clk         |                   | weight_group_cnt[1]_i_1_n_0                   |                1 |              2 |         2.00 |
|  clk         | v_pipe[6]         | GEN_CH[15].post_inst/data_out[15]_i_1__14_n_0 |                3 |             16 |         5.33 |
|  clk         | v_pipe[6]         | GEN_CH[3].post_inst/data_out[15]_i_1__2_n_0   |                3 |             16 |         5.33 |
|  clk         | v_pipe[6]         | GEN_CH[0].post_inst/data_out[15]_i_1_n_0      |                4 |             16 |         4.00 |
|  clk         | v_pipe[6]         | GEN_CH[10].post_inst/data_out[15]_i_1__9_n_0  |                4 |             16 |         4.00 |
|  clk         | v_pipe[6]         | GEN_CH[1].post_inst/data_out[15]_i_1__0_n_0   |                3 |             16 |         5.33 |
|  clk         | v_pipe[6]         | GEN_CH[2].post_inst/data_out[15]_i_1__1_n_0   |                3 |             16 |         5.33 |
|  clk         | v_pipe[6]         | GEN_CH[4].post_inst/data_out[15]_i_1__3_n_0   |                3 |             16 |         5.33 |
|  clk         | v_pipe[6]         | GEN_CH[5].post_inst/data_out[15]_i_1__4_n_0   |                3 |             16 |         5.33 |
|  clk         | v_pipe[6]         | GEN_CH[6].post_inst/data_out[15]_i_1__5_n_0   |                4 |             16 |         4.00 |
|  clk         | v_pipe[6]         | GEN_CH[7].post_inst/data_out[15]_i_1__6_n_0   |                3 |             16 |         5.33 |
|  clk         | v_pipe[6]         | GEN_CH[8].post_inst/data_out[15]_i_1__7_n_0   |                5 |             16 |         3.20 |
|  clk         | v_pipe[6]         | GEN_CH[9].post_inst/data_out[15]_i_1__8_n_0   |                4 |             16 |         4.00 |
|  clk         | v_pipe[6]         | GEN_CH[11].post_inst/data_out[15]_i_1__10_n_0 |                3 |             16 |         5.33 |
|  clk         | v_pipe[6]         | GEN_CH[12].post_inst/data_out[15]_i_1__11_n_0 |                3 |             16 |         5.33 |
|  clk         | v_pipe[6]         | GEN_CH[13].post_inst/data_out[15]_i_1__12_n_0 |                4 |             16 |         4.00 |
|  clk         | v_pipe[6]         | GEN_CH[14].post_inst/data_out[15]_i_1__13_n_0 |                5 |             16 |         3.20 |
|  clk         |                   | rst_n                                         |               45 |             62 |         1.38 |
|  clk         | v_pipe[3]_repN_6  |                                               |               17 |             78 |         4.59 |
|  clk         | v_pipe[2]_repN_14 |                                               |               15 |             97 |         6.47 |
|  clk         | v_pipe[2]_repN_1  |                                               |               15 |             99 |         6.60 |
|  clk         | v_pipe[2]_repN_8  |                                               |               16 |            101 |         6.31 |
|  clk         | v_pipe[3]_repN    |                                               |               21 |            103 |         4.90 |
|  clk         | v_pipe[2]_repN_7  |                                               |               25 |            111 |         4.44 |
|  clk         | v_pipe[2]_repN_9  |                                               |               20 |            126 |         6.30 |
|  clk         | v_pipe[2]_repN_6  |                                               |               23 |            131 |         5.70 |
|  clk         | v_pipe[2]_repN_15 |                                               |               21 |            133 |         6.33 |
|  clk         | v_pipe[3]_repN_7  |                                               |               24 |            136 |         5.67 |
|  clk         | v_pipe[2]_repN    |                                               |               24 |            146 |         6.08 |
|  clk         | v_pipe[2]_repN_10 |                                               |               24 |            152 |         6.33 |
|  clk         | v_pipe[2]_repN_2  |                                               |               25 |            153 |         6.12 |
|  clk         | v_pipe[3]_repN_3  |                                               |               29 |            157 |         5.41 |
|  clk         | v_pipe[2]_repN_12 |                                               |               28 |            160 |         5.71 |
|  clk         | v_pipe[2]_repN_3  |                                               |               26 |            164 |         6.31 |
|  clk         | v_pipe[2]_repN_11 |                                               |               26 |            164 |         6.31 |
|  clk         | v_pipe[3]_repN_5  |                                               |               34 |            169 |         4.97 |
|  clk         | v_pipe[2]         |                                               |               32 |            189 |         5.91 |
|  clk         | v_pipe[2]_repN_4  |                                               |               38 |            214 |         5.63 |
|  clk         | v_pipe[2]_repN_5  |                                               |               37 |            214 |         5.78 |
|  clk         | v_pipe[3]_repN_1  |                                               |               38 |            222 |         5.84 |
|  clk         | v_pipe[3]         |                                               |               39 |            230 |         5.90 |
|  clk         | v_pipe[3]_repN_2  |                                               |               41 |            237 |         5.78 |
|  clk         | v_pipe[3]_repN_4  |                                               |               45 |            268 |         5.96 |
|  clk         | v_pipe[2]_repN_13 |                                               |               40 |            270 |         6.75 |
|  clk         | v_pipe[5]         |                                               |               64 |            416 |         6.50 |
|  clk         | v_pipe[4]         |                                               |               64 |            448 |         7.00 |
+--------------+-------------------+-----------------------------------------------+------------------+----------------+--------------+


